*/
jhsdt jmap --heap --pid
Вывод статистики с размерами heap 
/*
Attaching to process ID 7412, please wait...
Debugger attached successfully.
Server compiler detected.
JVM version is 14.0.1+7

using thread-local object allocation.
Garbage-First (G1) GC with 8 thread(s)

Heap Configuration:
   MinHeapFreeRatio         = 40
   MaxHeapFreeRatio         = 70
   MaxHeapSize              = 4278190080 (4080.0MB)
   NewSize                  = 1363144 (1.2999954223632812MB)
   MaxNewSize               = 2566914048 (2448.0MB)
   OldSize                  = 5452592 (5.1999969482421875MB)
   NewRatio                 = 2
   SurvivorRatio            = 8
   MetaspaceSize            = 21807104 (20.796875MB)
   CompressedClassSpaceSize = 1073741824 (1024.0MB)
   MaxMetaspaceSize         = 17592186044415 MB
   G1HeapRegionSize         = 1048576 (1.0MB)

Heap Usage:
G1 Heap:
   regions  = 4080
   capacity = 4278190080 (4080.0MB)
   used     = 22020096 (21.0MB)
   free     = 4256169984 (4059.0MB)
   0.5147058823529411% used
G1 Young Generation:
Eden Space:
   regions  = 21
   capacity = 26214400 (25.0MB)
   used     = 22020096 (21.0MB)
   free     = 4194304 (4.0MB)
   84.0% used
Survivor Space:
   regions  = 0
   capacity = 0 (0.0MB)
   used     = 0 (0.0MB)
   free     = 0 (0.0MB)
   0.0% used
G1 Old Generation:
   regions  = 0
   capacity = 242221056 (231.0MB)
   used     = 0 (0.0MB)
   free     = 242221056 (231.0MB)
   0.0% used

*/
jstat -gc pid
Вывод деленный на подразделы heap,
текущий размер кучи будет суммой полей заканчивающихся на "C",
исользумаемая heap будет суммой полей заканчиващихся на "U",
кроме метаполей, который заканчиваются на "M" 
/*

S0C    S1C    S0U    S1U      EC       EU        OC         OU       MC     MU    CCSC   CCSU   YGC     YGCT    FGC    FGCT    CGC    CGCT     GCT   
 0,0    0,0    0,0    0,0   25600,0  21504,0   236544,0     0,0      0,0    0,0    0,0    0,0        0    0,000   0      0,000   0      0,000    0,000

*/
jstack pid
Вывод информацию о Thread и их состоянии,
а также о кол-ве ссылок
/*

2020-12-15 20:43:03
Full thread dump Java HotSpot(TM) 64-Bit Server VM (14.0.1+7 mixed mode, sharing):

Threads class SMR info:
_java_thread_list=0x000001fcb193d5e0, length=14, elements={
0x000001fc8c88c000, 0x000001fcb066b000, 0x000001fcb066c800, 0x000001fcb0f08800,
0x000001fcb0f0b800, 0x000001fcb0f11800, 0x000001fcb0f13000, 0x000001fcb0f19000,
0x000001fcb0f1e800, 0x000001fcb1036000, 0x000001fcb1146000, 0x000001fcb1147000,
0x000001fcb14c5000, 0x000001fcb1277800
}

"main" #1 prio=5 os_prio=0 cpu=343.75ms elapsed=16337.47s tid=0x000001fc8c88c000 nid=0x180 runnable  [0x0000000f922fe000]
   java.lang.Thread.State: RUNNABLE
	at java.io.FileInputStream.readBytes(java.base@14.0.1/Native Method)
	at java.io.FileInputStream.read(java.base@14.0.1/FileInputStream.java:272)
	at java.io.BufferedInputStream.read1(java.base@14.0.1/BufferedInputStream.java:282)
	at java.io.BufferedInputStream.read(java.base@14.0.1/BufferedInputStream.java:343)
	- locked <0x0000000710f1c518> (a java.io.BufferedInputStream)
	at sun.nio.cs.StreamDecoder.readBytes(java.base@14.0.1/StreamDecoder.java:297)
	at sun.nio.cs.StreamDecoder.implRead(java.base@14.0.1/StreamDecoder.java:339)
	at sun.nio.cs.StreamDecoder.read(java.base@14.0.1/StreamDecoder.java:188)
	- locked <0x0000000710eb32d8> (a java.io.InputStreamReader)
	at java.io.InputStreamReader.read(java.base@14.0.1/InputStreamReader.java:181)
	at java.io.Reader.read(java.base@14.0.1/Reader.java:189)
	at java.util.Scanner.readInput(java.base@14.0.1/Scanner.java:882)
	at java.util.Scanner.findWithinHorizon(java.base@14.0.1/Scanner.java:1796)
	at java.util.Scanner.nextLine(java.base@14.0.1/Scanner.java:1649)
	at ru.job4j.tracker.ConsoleInput.askStr(ConsoleInput.java:11)
	at ru.job4j.tracker.ConsoleInput.askInt(ConsoleInput.java:26)
	at ru.job4j.tracker.ConsoleInput.askInt(ConsoleInput.java:16)
	at ru.job4j.tracker.ValidateInput.askInt(ValidateInput.java:36)
	at ru.job4j.tracker.StartUI.init(StartUI.java:8)
	at ru.job4j.tracker.StartUI.main(StartUI.java:32)

"Reference Handler" #2 daemon prio=10 os_prio=2 cpu=0.00ms elapsed=16337.45s tid=0x000001fcb066b000 nid=0x2af8 waiting on condition  [0x0000000f929ff000]
   java.lang.Thread.State: RUNNABLE
	at java.lang.ref.Reference.waitForReferencePendingList(java.base@14.0.1/Native Method)
	at java.lang.ref.Reference.processPendingReferences(java.base@14.0.1/Reference.java:241)
	at java.lang.ref.Reference$ReferenceHandler.run(java.base@14.0.1/Reference.java:213)

"Finalizer" #3 daemon prio=8 os_prio=1 cpu=0.00ms elapsed=16337.45s tid=0x000001fcb066c800 nid=0x1a88 in Object.wait()  [0x0000000f92aff000]
   java.lang.Thread.State: WAITING (on object monitor)
	at java.lang.Object.wait(java.base@14.0.1/Native Method)
	- waiting on <0x0000000710f0b1b8> (a java.lang.ref.ReferenceQueue$Lock)
	at java.lang.ref.ReferenceQueue.remove(java.base@14.0.1/ReferenceQueue.java:155)
	- locked <0x0000000710f0b1b8> (a java.lang.ref.ReferenceQueue$Lock)
	at java.lang.ref.ReferenceQueue.remove(java.base@14.0.1/ReferenceQueue.java:176)
	at java.lang.ref.Finalizer$FinalizerThread.run(java.base@14.0.1/Finalizer.java:170)

"Signal Dispatcher" #4 daemon prio=9 os_prio=2 cpu=0.00ms elapsed=16337.45s tid=0x000001fcb0f08800 nid=0x2ab4 runnable  [0x0000000000000000]
   java.lang.Thread.State: RUNNABLE

"Attach Listener" #5 daemon prio=5 os_prio=2 cpu=125.00ms elapsed=16337.45s tid=0x000001fcb0f0b800 nid=0x1784 waiting on condition  [0x0000000000000000]
   java.lang.Thread.State: RUNNABLE

"Service Thread" #6 daemon prio=9 os_prio=0 cpu=0.00ms elapsed=16337.44s tid=0x000001fcb0f11800 nid=0x252c runnable  [0x0000000000000000]
   java.lang.Thread.State: RUNNABLE

"C2 CompilerThread0" #7 daemon prio=9 os_prio=2 cpu=1140.63ms elapsed=16337.44s tid=0x000001fcb0f13000 nid=0x4548 waiting on condition  [0x0000000000000000]
   java.lang.Thread.State: RUNNABLE
   No compile task

"C1 CompilerThread0" #10 daemon prio=9 os_prio=2 cpu=750.00ms elapsed=16337.44s tid=0x000001fcb0f19000 nid=0xac4 waiting on condition  [0x0000000000000000]
   java.lang.Thread.State: RUNNABLE
   No compile task

"Sweeper thread" #11 daemon prio=9 os_prio=2 cpu=0.00ms elapsed=16337.44s tid=0x000001fcb0f1e800 nid=0x36a8 runnable  [0x0000000000000000]
   java.lang.Thread.State: RUNNABLE

"Common-Cleaner" #12 daemon prio=8 os_prio=1 cpu=0.00ms elapsed=16337.42s tid=0x000001fcb1036000 nid=0x3c54 in Object.wait()  [0x0000000f931fe000]
   java.lang.Thread.State: TIMED_WAITING (on object monitor)
	at java.lang.Object.wait(java.base@14.0.1/Native Method)
	- waiting on <no object reference available>
	at java.lang.ref.ReferenceQueue.remove(java.base@14.0.1/ReferenceQueue.java:155)
	- locked <0x0000000710f8ba60> (a java.lang.ref.ReferenceQueue$Lock)
	at jdk.internal.ref.CleanerImpl.run(java.base@14.0.1/CleanerImpl.java:148)
	at java.lang.Thread.run(java.base@14.0.1/Thread.java:832)
	at jdk.internal.misc.InnocuousThread.run(java.base@14.0.1/InnocuousThread.java:134)

"Monitor Ctrl-Break" #13 daemon prio=5 os_prio=0 cpu=0.00ms elapsed=16337.37s tid=0x000001fcb1146000 nid=0x41a4 runnable  [0x0000000f933fe000]
   java.lang.Thread.State: RUNNABLE
	at sun.nio.ch.SocketDispatcher.read0(java.base@14.0.1/Native Method)
	at sun.nio.ch.SocketDispatcher.read(java.base@14.0.1/SocketDispatcher.java:46)
	at sun.nio.ch.NioSocketImpl.tryRead(java.base@14.0.1/NioSocketImpl.java:261)
	at sun.nio.ch.NioSocketImpl.implRead(java.base@14.0.1/NioSocketImpl.java:312)
	at sun.nio.ch.NioSocketImpl.read(java.base@14.0.1/NioSocketImpl.java:350)
	at sun.nio.ch.NioSocketImpl$1.read(java.base@14.0.1/NioSocketImpl.java:803)
	at java.net.Socket$SocketInputStream.read(java.base@14.0.1/Socket.java:982)
	at sun.nio.cs.StreamDecoder.readBytes(java.base@14.0.1/StreamDecoder.java:297)
	at sun.nio.cs.StreamDecoder.implRead(java.base@14.0.1/StreamDecoder.java:339)
	at sun.nio.cs.StreamDecoder.read(java.base@14.0.1/StreamDecoder.java:188)
	- locked <0x0000000710d0c1a0> (a java.io.InputStreamReader)
	at java.io.InputStreamReader.read(java.base@14.0.1/InputStreamReader.java:181)
	at java.io.BufferedReader.fill(java.base@14.0.1/BufferedReader.java:161)
	at java.io.BufferedReader.readLine(java.base@14.0.1/BufferedReader.java:326)
	- locked <0x0000000710d0c1a0> (a java.io.InputStreamReader)
	at java.io.BufferedReader.readLine(java.base@14.0.1/BufferedReader.java:392)
	at com.intellij.rt.execution.application.AppMainV2$1.run(AppMainV2.java:61)

"Notification Thread" #14 daemon prio=9 os_prio=0 cpu=0.00ms elapsed=16337.37s tid=0x000001fcb1147000 nid=0x37bc runnable  [0x0000000000000000]
   java.lang.Thread.State: RUNNABLE

"RMI TCP Accept-0" #16 daemon prio=5 os_prio=0 cpu=15.63ms elapsed=15406.43s tid=0x000001fcb14c5000 nid=0xa80 runnable  [0x0000000f91ffe000]
   java.lang.Thread.State: RUNNABLE
	at sun.nio.ch.Net.accept(java.base@14.0.1/Native Method)
	at sun.nio.ch.NioSocketImpl.accept(java.base@14.0.1/NioSocketImpl.java:755)
	at java.net.ServerSocket.implAccept(java.base@14.0.1/ServerSocket.java:684)
	at java.net.ServerSocket.platformImplAccept(java.base@14.0.1/ServerSocket.java:650)
	at java.net.ServerSocket.implAccept(java.base@14.0.1/ServerSocket.java:626)
	at java.net.ServerSocket.implAccept(java.base@14.0.1/ServerSocket.java:583)
	at java.net.ServerSocket.accept(java.base@14.0.1/ServerSocket.java:540)
	at sun.management.jmxremote.LocalRMIServerSocketFactory$1.accept(jdk.management.agent@14.0.1/LocalRMIServerSocketFactory.java:52)
	at sun.rmi.transport.tcp.TCPTransport$AcceptLoop.executeAcceptLoop(java.rmi@14.0.1/TCPTransport.java:413)
	at sun.rmi.transport.tcp.TCPTransport$AcceptLoop.run(java.rmi@14.0.1/TCPTransport.java:377)
	at java.lang.Thread.run(java.base@14.0.1/Thread.java:832)

"RMI Scheduler(0)" #18 daemon prio=5 os_prio=0 cpu=0.00ms elapsed=15406.31s tid=0x000001fcb1277800 nid=0x22c4 waiting on condition  [0x0000000f921fe000]
   java.lang.Thread.State: WAITING (parking)
	at jdk.internal.misc.Unsafe.park(java.base@14.0.1/Native Method)
	- parking to wait for  <0x00000007104e26a8> (a java.util.concurrent.locks.AbstractQueuedSynchronizer$ConditionObject)
	at java.util.concurrent.locks.LockSupport.park(java.base@14.0.1/LockSupport.java:341)
	at java.util.concurrent.locks.AbstractQueuedSynchronizer$ConditionNode.block(java.base@14.0.1/AbstractQueuedSynchronizer.java:505)
	at java.util.concurrent.ForkJoinPool.managedBlock(java.base@14.0.1/ForkJoinPool.java:3137)
	at java.util.concurrent.locks.AbstractQueuedSynchronizer$ConditionObject.await(java.base@14.0.1/AbstractQueuedSynchronizer.java:1614)
	at java.util.concurrent.ScheduledThreadPoolExecutor$DelayedWorkQueue.take(java.base@14.0.1/ScheduledThreadPoolExecutor.java:1170)
	at java.util.concurrent.ScheduledThreadPoolExecutor$DelayedWorkQueue.take(java.base@14.0.1/ScheduledThreadPoolExecutor.java:899)
	at java.util.concurrent.ThreadPoolExecutor.getTask(java.base@14.0.1/ThreadPoolExecutor.java:1056)
	at java.util.concurrent.ThreadPoolExecutor.runWorker(java.base@14.0.1/ThreadPoolExecutor.java:1116)
	at java.util.concurrent.ThreadPoolExecutor$Worker.run(java.base@14.0.1/ThreadPoolExecutor.java:630)
	at java.lang.Thread.run(java.base@14.0.1/Thread.java:832)

"VM Thread" os_prio=2 cpu=31.25ms elapsed=16337.46s tid=0x000001fcb0666800 nid=0x4760 runnable  

"GC Thread#0" os_prio=2 cpu=0.00ms elapsed=16337.47s tid=0x000001fc8c8f4800 nid=0xcc8 runnable  

"G1 Main Marker" os_prio=2 cpu=0.00ms elapsed=16337.47s tid=0x000001fc8c916000 nid=0x4cc runnable  

"G1 Conc#0" os_prio=2 cpu=0.00ms elapsed=16337.47s tid=0x000001fc8c917800 nid=0x13e0 runnable  

"G1 Refine#0" os_prio=2 cpu=0.00ms elapsed=16337.47s tid=0x000001fcb0555000 nid=0x2b88 runnable  

"G1 Young RemSet Sampling" os_prio=2 cpu=31.25ms elapsed=16337.47s tid=0x000001fcb0556000 nid=0x2750 runnable  
"VM Periodic Task Thread" os_prio=2 cpu=125.00ms elapsed=16337.37s tid=0x000001fcb1148800 nid=0x2d4c waiting on condition  

JNI global refs: 31, weak refs: 0

*/
jmap -histo pid
Выводит гистограмму с распределением памяти по классам.
/*

No dump file specified
 num     #instances         #bytes  class name (module)
-------------------------------------------------------
   1:         86698        8843176  [B (java.base@14.0.1)
   2:          9111        2695032  [I (java.base@14.0.1)
   3:         26905        1218912  [Ljava.lang.Object; (java.base@14.0.1)
   4:         46160        1107840  java.lang.String (java.base@14.0.1)
   5:          4656        1102616  [C (java.base@14.0.1)
   6:         16947         542304  java.util.HashMap$Node (java.base@14.0.1)
   7:         13984         447488  java.io.ObjectStreamClass$WeakClassKey (java.base@14.0.1)
   8:          2880         346040  java.lang.Class (java.base@14.0.1)
   9:          2994         336648  [Ljava.util.HashMap$Node; (java.base@14.0.1)
  10:          5805         325080  jdk.internal.org.objectweb.asm.SymbolTable$Entry (java.base@14.0.1)
  11:          1288         273672  [J (java.base@14.0.1)
  12:         10356         248544  java.lang.StringBuilder (java.base@14.0.1)
  13:          2194         245728  java.io.ObjectStreamClass (java.base@14.0.1)
  14:           254         206688  [Ljdk.internal.org.objectweb.asm.SymbolTable$Entry; (java.base@14.0.1)
  15:          6400         204800  java.util.concurrent.ConcurrentHashMap$Node (java.base@14.0.1)
  16:          4888         195520  java.util.TreeMap$Entry (java.base@14.0.1)
  17:          2104         185152  java.lang.reflect.Method (java.base@14.0.1)
  18:          5581         184896  [Ljava.lang.String; (java.base@14.0.1)
  19:          3768         180864  java.util.HashMap (java.base@14.0.1)
  20:          6684         161944  [Ljava.lang.Class; (java.base@14.0.1)
  21:          5292         127008  java.lang.Long (java.base@14.0.1)
  22:          2275          91000  java.lang.invoke.MethodType (java.base@14.0.1)
  23:           386          86464  jdk.internal.org.objectweb.asm.MethodWriter (java.base@14.0.1)
  24:          1628          78144  java.lang.invoke.MemberName (java.base@14.0.1)
  25:           246          74432  [Ljava.util.concurrent.ConcurrentHashMap$Node; (java.base@14.0.1)
  26:          1008          73784  [S (java.base@14.0.1)
  27:          1489          71472  sun.util.locale.LocaleObjectCache$CacheEntry (java.base@14.0.1)
  28:           822          65760  java.lang.reflect.Constructor (java.base@14.0.1)
  29:           830          59760  java.lang.reflect.Field (java.base@14.0.1)
  30:          1466          58640  java.util.LinkedHashMap$Entry (java.base@14.0.1)
  31:          1457          58280  java.lang.ref.SoftReference (java.base@14.0.1)
  32:          1214          58272  java.util.TreeMap (java.base@14.0.1)
  33:          1638          56808  [Ljavax.management.ObjectName$Property; (java.management@14.0.1)
  34:           758          54576  java.nio.DirectByteBufferR (java.base@14.0.1)
  35:          2268          54432  java.io.SerialCallbackContext (java.base@14.0.1)
  36:          1257          50280  java.io.DataOutputStream (java.base@14.0.1)
  37:          1515          48480  sun.util.locale.BaseLocale (java.base@14.0.1)
  38:          1496          47872  sun.util.locale.BaseLocale$Key (java.base@14.0.1)
  39:          1125          45000  java.io.ObjectStreamClass$FieldReflectorKey (java.base@14.0.1)
  40:          1074          42960  java.io.ObjectOutputStream$HandleTable (java.base@14.0.1)
  41:           536          42880  sun.rmi.transport.ConnectionInputStream (java.rmi@14.0.1)
  42:          1749          41976  java.util.ArrayList (java.base@14.0.1)
  43:          1667          40008  javax.management.Attribute (java.management@14.0.1)
  44:           631          39080  [Ljava.io.ObjectInputStream$HandleTable$HandleList; (java.base@14.0.1)
  45:           536          38592  sun.rmi.transport.ConnectionOutputStream (java.rmi@14.0.1)
  46:           602          38528  java.net.URL (java.base@14.0.1)
  47:          1169          37408  java.util.TreeMap$EntryIterator (java.base@14.0.1)
  48:          1131          36192  java.util.TreeMap$KeyIterator (java.base@14.0.1)
  49:          2259          36144  java.lang.Object (java.base@14.0.1)
  50:          1084          34688  java.rmi.server.UID (java.rmi@14.0.1)
  51:           553          30968  java.io.ObjectInputStream$BlockDataInputStream (java.base@14.0.1)
  52:           551          30856  jdk.internal.org.objectweb.asm.Label (java.base@14.0.1)
  53:           769          30760  sun.util.locale.LanguageTag (java.base@14.0.1)
  54:           959          30688  java.util.ArrayList$Itr (java.base@14.0.1)
  55:           765          30600  sun.util.locale.InternalLocaleBuilder (java.base@14.0.1)
  56:           764          30560  sun.util.locale.StringTokenIterator (java.base@14.0.1)
  57:           690          27600  java.util.HashMap$KeyIterator (java.base@14.0.1)
  58:          1093          26232  jdk.internal.org.objectweb.asm.ByteVector (java.base@14.0.1)
  59:           408          26112  java.lang.Class$ReflectionData (java.base@14.0.1)
  60:           192          26112  jdk.internal.org.objectweb.asm.ClassWriter (java.base@14.0.1)
  61:           795          25440  java.lang.invoke.LambdaForm$Name (java.base@14.0.1)
  62:           790          25280  java.lang.ref.WeakReference (java.base@14.0.1)
  63:           623          24920  java.util.HashMap$EntryIterator (java.base@14.0.1)
  64:           763          24416  java.util.Locale (java.base@14.0.1)
  65:           481          24160  [Ljava.lang.invoke.LambdaForm$Name; (java.base@14.0.1)
  66:           364          23296  java.util.concurrent.ConcurrentHashMap (java.base@14.0.1)
  67:           581          23240  java.util.HashMap$ValueIterator (java.base@14.0.1)
  68:           537          21480  java.io.ObjectOutputStream$BlockDataOutputStream (java.base@14.0.1)
  69:           536          21440  sun.rmi.transport.StreamRemoteCall (java.rmi@14.0.1)
  70:           857          20568  javax.management.ObjectName$Property (java.management@14.0.1)
  71:           298          20264  [Ljava.lang.ref.SoftReference; (java.base@14.0.1)
  72:           504          20160  java.math.BigInteger (java.base@14.0.1)
  73:          1245          19920  java.util.HashSet (java.base@14.0.1)
  74:           617          19744  java.lang.invoke.MethodType$ConcurrentWeakInternSet$WeakEntry (java.base@14.0.1)
  75:           578          18496  java.util.TreeMap$ValueIterator (java.base@14.0.1)
  76:           383          18384  jdk.internal.ref.CleanerImpl$PhantomCleanableRef (java.base@14.0.1)
  77:           764          18336  sun.util.locale.ParseStatus (java.base@14.0.1)
  78:           567          18144  java.io.DataInputStream (java.base@14.0.1)
  79:           323          18088  java.lang.invoke.LambdaFormEditor$Transform (java.base@14.0.1)
  80:           187          17952  java.util.jar.JarFile$JarFileEntry (java.base@14.0.1)
  81:           553          17696  java.io.ObjectInputStream$HandleTable (java.base@14.0.1)
  82:           553          17696  java.io.ObjectInputStream$PeekInputStream (java.base@14.0.1)
  83:           547          17504  javax.management.ObjectName (java.management@14.0.1)
  84:           272          17408  sun.nio.fs.WindowsFileAttributes (java.base@14.0.1)
  85:          1072          17152  sun.rmi.transport.Transport$$Lambda$126/0x0000000800c20840 (java.rmi@14.0.1)
  86:           536          17152  sun.rmi.transport.Transport$1 (java.rmi@14.0.1)
  87:           119          17136  jdk.internal.reflect.MethodAccessorGenerator (java.base@14.0.1)
  88:           422          16880  java.security.CodeSource (java.base@14.0.1)
  89:           280          16704  [Ljava.lang.reflect.Method; (java.base@14.0.1)
  90:           476          15232  jdk.internal.reflect.ClassFileAssembler (java.base@14.0.1)
  91:           617          14808  java.util.ImmutableCollections$Set12$1 (java.base@14.0.1)
  92:           617          14808  java.util.ImmutableCollections$SetN$SetNIterator (java.base@14.0.1)
  93:           612          14688  java.io.ObjectStreamClass$ClassDataSlot (java.base@14.0.1)
  94:           304          14592  jdk.internal.org.objectweb.asm.AnnotationWriter (java.base@14.0.1)
  95:           136          14144  java.lang.invoke.InnerClassLambdaMetafactory (java.base@14.0.1)
  96:           440          14080  javax.management.AttributeList (java.management@14.0.1)
  97:           578          13896  [Ljava.io.ObjectStreamClass$ClassDataSlot; (java.base@14.0.1)
  98:           578          13872  javax.management.ImmutableDescriptor (java.management@14.0.1)
  99:           245          13720  java.lang.Module (java.base@14.0.1)
 100:           856          13696  java.util.TreeMap$KeySet (java.base@14.0.1)
 101:           570          13680  java.security.Provider$ServiceKey (java.base@14.0.1)
 102:           569          13656  java.io.ObjectInputStream$FieldValues (java.base@14.0.1)
 103:           561          13464  java.lang.PublicMethods$MethodList (java.base@14.0.1)
 104:           556          13344  java.lang.invoke.ResolvedMethodName (java.base@14.0.1)
 105:           554          13296  [Ljava.io.ObjectInputStream$FieldValues; (java.base@14.0.1)
 106:           409          13088  java.lang.invoke.MethodHandles$Lookup (java.base@14.0.1)
 107:           544          13056  sun.rmi.transport.ObjectEndpoint (java.rmi@14.0.1)
 108:           543          13032  java.rmi.server.ObjID (java.rmi@14.0.1)
 109:           537          12888  java.io.ObjectOutputStream$ReplaceTable (java.base@14.0.1)
 110:           267          12816  sun.nio.fs.WindowsPath$WindowsPathWithAttributes (java.base@14.0.1)
 111:           319          12760  java.util.WeakHashMap$Entry (java.base@14.0.1)
 112:           528          12672  javax.management.remote.rmi.RMIConnectionImpl$PrivilegedOperation (java.management.rmi@14.0.1)
 113:           522          12528  java.lang.PublicMethods$Key (java.base@14.0.1)
 114:           194          12416  jdk.internal.org.objectweb.asm.SymbolTable (java.base@14.0.1)
 115:           253          12144  java.lang.management.MemoryUsage (java.management@14.0.1)
 116:           191          12120  [Ljava.util.Hashtable$Entry; (java.base@14.0.1)
 117:           303          12120  java.io.ObjectStreamField (java.base@14.0.1)
 118:           297          11880  java.lang.NoSuchMethodException (java.base@14.0.1)
 119:           210          11760  java.security.Provider$Service (java.base@14.0.1)
 120:           291          11640  sun.nio.fs.WindowsPath (java.base@14.0.1)
 121:           476          11424  jdk.internal.reflect.ByteVectorImpl (java.base@14.0.1)
 122:           466          10864  [Ljava.lang.reflect.Constructor; (java.base@14.0.1)
 123:           188          10528  java.util.zip.ZipFile$ZipFileInputStream (java.base@14.0.1)
 124:           119          10472  jdk.internal.reflect.DelegatingClassLoader (java.base@14.0.1)
 125:           183          10248  java.util.zip.ZipFile$ZipFileInflaterInputStream (java.base@14.0.1)
 126:           629          10064  java.lang.Integer (java.base@14.0.1)
 127:           174           9744  java.util.stream.ReferencePipeline$Head (java.base@14.0.1)
 128:           401           9624  java.lang.module.ModuleDescriptor$Exports (java.base@14.0.1)
 129:           578           9248  java.util.TreeMap$Values (java.base@14.0.1)
 130:           190           9120  java.util.Hashtable (java.base@14.0.1)
 131:           569           9104  java.util.HashMap$Values (java.base@14.0.1)
 132:           555           8880  java.util.TreeMap$EntrySet (java.base@14.0.1)
 133:           553           8848  java.io.ObjectInputStream$ValidationList (java.base@14.0.1)
 134:           183           8784  jdk.internal.org.objectweb.asm.Frame (java.base@14.0.1)
 135:           218           8720  java.security.ProtectionDomain (java.base@14.0.1)
 136:           544           8704  java.util.Optional (java.base@14.0.1)
 137:           536           8576  sun.rmi.server.MarshalOutputStream$1 (java.rmi@14.0.1)
 138:           115           8280  java.util.regex.Matcher (java.base@14.0.1)
 139:           168           8064  java.net.NetworkInterface (java.base@14.0.1)
 140:           251           8032  java.io.File (java.base@14.0.1)
 141:           489           7824  java.util.HashMap$EntrySet (java.base@14.0.1)
 142:           320           7680  java.util.Collections$UnmodifiableCollection$1 (java.base@14.0.1)
 143:           312           7488  java.util.ImmutableCollections$Set12 (java.base@14.0.1)
 144:           309           7416  jdk.internal.reflect.Label$PatchInfo (java.base@14.0.1)
 145:           301           7328  [Ljavax.management.Descriptor; (java.management@14.0.1)
 146:           222           7104  java.lang.invoke.DirectMethodHandle (java.base@14.0.1)
 147:           145           6960  java.lang.invoke.LambdaForm (java.base@14.0.1)
 148:           288           6912  sun.nio.fs.WindowsPathParser$Result (java.base@14.0.1)
 149:           166           6640  com.sun.management.internal.DiagnosticCommandArgumentInfo (jdk.management@14.0.1)
 150:            18           6624  java.lang.Thread (java.base@14.0.1)
 151:           273           6552  javax.management.openmbean.CompositeDataSupport (java.management@14.0.1)
 152:           193           6176  java.lang.invoke.BoundMethodHandle$Species_L (java.base@14.0.1)
 153:           191           6112  java.util.Vector (java.base@14.0.1)
 154:            76           6080  java.net.URI (java.base@14.0.1)
 155:           189           6048  java.lang.module.ModuleDescriptor$Requires (java.base@14.0.1)
 156:           108           6048  java.util.concurrent.ConcurrentHashMap$ValueIterator (java.base@14.0.1)
 157:           249           5976  java.util.Arrays$ArrayList (java.base@14.0.1)
 158:           250           5936  [Ljavax.management.MBeanParameterInfo; (java.management@14.0.1)
 159:           245           5880  java.util.KeyValueHolder (java.base@14.0.1)
 160:           182           5824  jdk.internal.loader.URLClassPath$JarLoader$2 (java.base@14.0.1)
 161:           242           5808  java.security.SecureClassLoader$1 (java.base@14.0.1)
 162:           178           5696  java.lang.invoke.MethodHandleNatives$CallSiteContext (java.base@14.0.1)
 163:           170           5440  java.lang.invoke.LambdaForm$NamedFunction (java.base@14.0.1)
 164:           169           5408  java.lang.invoke.MethodTypeForm (java.base@14.0.1)
 165:           270           5376  [Ljava.net.InetAddress; (java.base@14.0.1)
 166:            95           5320  java.util.LinkedHashMap (java.base@14.0.1)
 167:            79           5056  java.util.stream.ReferencePipeline$2 (java.base@14.0.1)
 168:           208           4992  jdk.internal.reflect.NativeConstructorAccessorImpl (java.base@14.0.1)
 169:           118           4976  [Ljava.lang.reflect.Field; (java.base@14.0.1)
 170:           155           4960  com.sun.jmx.mbeanserver.ConvertingMethod (java.management@14.0.1)
 171:           205           4920  java.security.Provider$UString (java.base@14.0.1)
 172:           122           4880  javax.management.MBeanOperationInfo (java.management@14.0.1)
 173:           100           4800  java.util.logging.LogManager$LoggerWeakRef (java.logging@14.0.1)
 174:           148           4736  java.net.InetAddress$InetAddressHolder (java.base@14.0.1)
 175:            73           4672  java.lang.module.ModuleDescriptor (java.base@14.0.1)
 176:           291           4656  jdk.internal.reflect.ConstantPool (java.base@14.0.1)
 177:           145           4640  jdk.internal.org.objectweb.asm.Type (java.base@14.0.1)
 178:           193           4632  java.util.ImmutableCollections$SetN (java.base@14.0.1)
 179:            92           4472  [Ljavax.management.MBeanAttributeInfo; (java.management@14.0.1)
 180:           186           4464  java.util.concurrent.ConcurrentHashMap$MapEntry (java.base@14.0.1)
 181:           277           4432  java.lang.invoke.LambdaFormEditor (java.base@14.0.1)
 182:            69           4416  jdk.internal.org.objectweb.asm.FieldWriter (java.base@14.0.1)
 183:           183           4392  java.util.zip.ZipFile$InflaterCleanupAction (java.base@14.0.1)
 184:           178           4272  java.lang.invoke.ConstantCallSite (java.base@14.0.1)
 185:            69           4232  [Ljava.lang.invoke.MethodHandle; (java.base@14.0.1)
 186:           174           4176  jdk.internal.module.ServicesCatalog$ServiceProvider (java.base@14.0.1)
 187:            65           4160  java.util.stream.ReferencePipeline$3 (java.base@14.0.1)
 188:            73           4088  jdk.internal.module.Builder (java.base@14.0.1)
 189:            73           4088  jdk.internal.module.ModuleReferenceImpl (java.base@14.0.1)
 190:             6           4080  [[Ljava.lang.Object; (java.base@14.0.1)
 191:            84           4032  com.sun.management.internal.DiagnosticCommandInfo (jdk.management@14.0.1)
 192:           100           4000  java.lang.reflect.InvocationTargetException (java.base@14.0.1)
 193:            39           3984  [Ljava.util.WeakHashMap$Entry; (java.base@14.0.1)
 194:           242           3872  java.security.SecureClassLoader$CodeSourceKey (java.base@14.0.1)
 195:           119           3808  jdk.internal.reflect.MethodAccessorGenerator$1 (java.base@14.0.1)
 196:            94           3760  java.lang.invoke.MethodHandleImpl$IntrinsicMethodHandle (java.base@14.0.1)
 197:           133           3712  [Ljava.io.ObjectStreamField; (java.base@14.0.1)
 198:           232           3712  java.lang.Byte (java.base@14.0.1)
 199:            56           3584  java.lang.invoke.InvokerBytecodeGenerator (java.base@14.0.1)
 200:            88           3520  java.lang.invoke.BoundMethodHandle$Species_LL (java.base@14.0.1)
 201:           220           3520  java.util.HashMap$KeySet (java.base@14.0.1)
 202:           218           3488  [Ljava.security.Principal; (java.base@14.0.1)
 203:           218           3488  java.security.ProtectionDomain$Key (java.base@14.0.1)
 204:           174           3456  [Ljava.net.NetworkInterface; (java.base@14.0.1)
 205:           213           3408  java.util.jar.JarFile$1 (java.base@14.0.1)
 206:           208           3328  jdk.internal.reflect.DelegatingConstructorAccessorImpl (java.base@14.0.1)
 207:           166           3320  [Lcom.sun.jmx.mbeanserver.MXBeanMapping; (java.management@14.0.1)
 208:           136           3264  java.lang.invoke.InfoFromMemberName (java.base@14.0.1)
 209:           136           3264  java.lang.invoke.InnerClassLambdaMetafactory$ForwardingMethodGenerator (java.base@14.0.1)
 210:            51           3264  java.util.stream.IntPipeline$9 (java.base@14.0.1)
 211:           201           3216  jdk.internal.reflect.Label (java.base@14.0.1)
 212:           100           3200  java.lang.StringBuffer (java.base@14.0.1)
 213:            49           3136  javax.management.openmbean.OpenMBeanAttributeInfoSupport (java.management@14.0.1)
 214:            96           3072  java.lang.invoke.SimpleMethodHandle (java.base@14.0.1)
 215:             1           3056  [Ljava.util.Locale; (java.base@14.0.1)
 216:           127           3048  java.lang.Class$1 (java.base@14.0.1)
 217:            74           2960  java.security.AccessControlContext (java.base@14.0.1)
 218:            74           2960  java.util.StringJoiner (java.base@14.0.1)
 219:            92           2944  java.util.concurrent.ConcurrentHashMap$ReservationNode (java.base@14.0.1)
 220:            73           2920  [Ljava.lang.module.ModuleDescriptor$Exports; (java.base@14.0.1)
 221:            91           2912  java.util.logging.LogManager$LogNode (java.logging@14.0.1)
 222:           168           2880  [Ljava.net.InterfaceAddress; (java.base@14.0.1)
 223:            72           2880  java.util.Spliterators$IteratorSpliterator (java.base@14.0.1)
 224:            51           2856  java.util.stream.IntPipeline$Head (java.base@14.0.1)
 225:           116           2784  java.util.concurrent.CopyOnWriteArrayList (java.base@14.0.1)
 226:           104           2744  [[C (java.base@14.0.1)
 227:            37           2736  [[B (java.base@14.0.1)
 228:            84           2688  com.sun.management.internal.DiagnosticCommandImpl$Wrapper (jdk.management@14.0.1)
 229:            56           2688  javax.management.MBeanInfo (java.management@14.0.1)
 230:            67           2680  org.postgresql.PGProperty
 231:            83           2656  java.util.concurrent.ConcurrentHashMap$ForwardingNode (java.base@14.0.1)
 232:            33           2640  java.text.DecimalFormatSymbols (java.base@14.0.1)
 233:           107           2568  com.sun.jmx.mbeanserver.MBeanAnalyzer$AttrMethods (java.management@14.0.1)
 234:           159           2544  java.util.Collections$UnmodifiableSet (java.base@14.0.1)
 235:            99           2376  jdk.internal.reflect.NativeMethodAccessorImpl (java.base@14.0.1)
 236:            33           2360  [Ljava.lang.Thread; (java.base@14.0.1)
 237:            42           2352  sun.security.provider.SHA (java.base@14.0.1)
 238:            73           2336  com.sun.jmx.mbeanserver.WeakIdentityHashMap$IdentityWeakReference (java.management@14.0.1)
 239:            97           2328  java.lang.invoke.StringConcatFactory$RecipeElement (java.base@14.0.1)
 240:            16           2304  java.text.DecimalFormat (java.base@14.0.1)
 241:            72           2304  java.util.stream.Collectors$CollectorImpl (java.base@14.0.1)
 242:            72           2304  java.util.stream.ReduceOps$3 (java.base@14.0.1)
 243:            72           2304  java.util.stream.ReduceOps$3ReducingSink (java.base@14.0.1)
 244:            95           2280  java.util.Arrays$ArrayItr (java.base@14.0.1)
 245:            71           2272  java.util.Spliterators$ArraySpliterator (java.base@14.0.1)
 246:            66           2248  [Ljavax.management.MBeanOperationInfo; (java.management@14.0.1)
 247:            93           2232  java.lang.invoke.InnerClassLambdaMetafactory$1 (java.base@14.0.1)
 248:            46           2208  java.lang.invoke.LambdaFormBuffer (java.base@14.0.1)
 249:            68           2176  java.net.Inet6Address$Inet6AddressHolder (java.base@14.0.1)
 250:            49           2160  [Z (java.base@14.0.1)
 251:            72           2128  [Ljdk.internal.org.objectweb.asm.Type; (java.base@14.0.1)
 252:            53           2120  sun.security.util.NamedCurve (java.base@14.0.1)
 253:            84           2112  [Lcom.sun.management.internal.DiagnosticCommandArgumentInfo; (jdk.management@14.0.1)
 254:            73           2112  [Ljava.lang.module.ModuleDescriptor$Requires; (java.base@14.0.1)
 255:            66           2112  java.lang.invoke.LambdaForm$Kind (java.base@14.0.1)
 256:            65           2080  java.util.LinkedHashMap$LinkedEntryIterator (java.base@14.0.1)
 257:            65           2080  javax.management.MBeanAttributeInfo (java.management@14.0.1)
 258:            37           2072  java.util.logging.Logger (java.logging@14.0.1)
 259:            37           2072  sun.util.calendar.ZoneInfo (java.base@14.0.1)
 260:           128           2048  java.lang.Character (java.base@14.0.1)
 261:            85           2040  java.io.ObjectStreamClass$EntryFuture (java.base@14.0.1)
 262:            63           2016  java.util.logging.LogManager$LoggerContext$1 (java.logging@14.0.1)
 263:            50           2000  java.lang.UnsupportedOperationException (java.base@14.0.1)
 264:            83           1992  java.util.ImmutableCollections$List12 (java.base@14.0.1)
 265:            62           1984  jdk.internal.loader.BuiltinClassLoader$LoadedModule (java.base@14.0.1)
 266:            80           1920  java.net.Inet4Address (java.base@14.0.1)
 267:           119           1904  jdk.internal.reflect.ClassDefiner$1 (java.base@14.0.1)
 268:            79           1896  java.util.stream.ReferencePipeline$2$1 (java.base@14.0.1)
 269:            59           1888  java.lang.ref.ReferenceQueue (java.base@14.0.1)
 270:            83           1880  [Ljava.lang.reflect.Type; (java.base@14.0.1)
 271:           117           1872  java.lang.Boolean (java.base@14.0.1)
 272:           116           1856  [Ljava.util.regex.IntHashSet; (java.base@14.0.1)
 273:            58           1856  java.security.MessageDigest$Delegate (java.base@14.0.1)
 274:            56           1792  java.util.ImmutableCollections$ListItr (java.base@14.0.1)
 275:            74           1776  java.util.stream.FindOps$FindSink$OfRef (java.base@14.0.1)
 276:            79           1752  [Lsun.reflect.generics.tree.FieldTypeSignature; (java.base@14.0.1)
 277:            73           1752  java.lang.module.ModuleDescriptor$Provides (java.base@14.0.1)
 278:            73           1752  jdk.internal.module.SystemModuleFinders$2 (java.base@14.0.1)
 279:            53           1696  java.security.spec.EllipticCurve (java.base@14.0.1)
 280:            53           1696  sun.security.util.ObjectIdentifier (java.base@14.0.1)
 281:            70           1680  java.lang.management.ManagementPermission (java.management@14.0.1)
 282:            19           1672  javax.management.remote.rmi.RMIConnectionImpl$CombinedClassLoader (java.management.rmi@14.0.1)
 283:            19           1672  javax.management.remote.rmi.RMIConnectionImpl$CombinedClassLoader$ClassLoaderWrapper (java.management.rmi@14.0.1)
 284:            16           1664  java.lang.management.ThreadInfo (java.management@14.0.1)
 285:            52           1664  java.util.LinkedHashMap$LinkedValueIterator (java.base@14.0.1)
 286:            68           1632  java.net.Inet6Address (java.base@14.0.1)
 287:            92           1624  [Lsun.reflect.generics.tree.TypeArgument; (java.base@14.0.1)
 288:            73           1600  [Ljava.lang.module.ModuleDescriptor$Provides; (java.base@14.0.1)
 289:            40           1600  java.lang.invoke.BoundMethodHandle$Species_LLL (java.base@14.0.1)
 290:            18           1584  com.sun.jmx.remote.util.OrderClassLoaders (java.management@14.0.1)
 291:            99           1584  jdk.internal.reflect.DelegatingMethodAccessorImpl (java.base@14.0.1)
 292:            55           1560  [Ljavax.management.openmbean.OpenType; (java.management@14.0.1)
 293:            65           1560  java.util.stream.ReferencePipeline$3$1 (java.base@14.0.1)
 294:            39           1560  jdk.internal.reflect.UnsafeQualifiedStaticLongFieldAccessorImpl (java.base@14.0.1)
 295:            64           1536  sun.security.jca.GetInstance$Instance (java.base@14.0.1)
 296:            38           1520  java.lang.NoSuchFieldException (java.base@14.0.1)
 297:            38           1520  java.util.logging.Logger$ConfigurationData (java.logging@14.0.1)
 298:            27           1512  java.nio.HeapByteBuffer (java.base@14.0.1)
 299:            63           1512  sun.reflect.generics.tree.SimpleClassTypeSignature (java.base@14.0.1)
 300:            62           1488  java.lang.module.ResolvedModule (java.base@14.0.1)
 301:            62           1488  jdk.internal.loader.BuiltinClassLoader$5 (java.base@14.0.1)
 302:            62           1488  jdk.internal.module.ModuleBootstrap$2 (java.base@14.0.1)
 303:            62           1488  jdk.internal.module.SystemModuleFinders$SystemModuleReader (java.base@14.0.1)
 304:            37           1480  jdk.internal.org.objectweb.asm.Handler (java.base@14.0.1)
 305:            26           1456  javax.management.MBeanServerNotification (java.management@14.0.1)
 306:            11           1440  [Ljava.lang.Integer; (java.base@14.0.1)
 307:            36           1440  java.io.FileDescriptor (java.base@14.0.1)
 308:            30           1440  java.time.temporal.ValueRange (java.base@14.0.1)
 309:            30           1440  java.util.WeakHashMap (java.base@14.0.1)
 310:            60           1440  java.util.stream.Collectors$$Lambda$86/0x0000000800bdb840 (java.base@14.0.1)
 311:            59           1432  [Ljava.security.ProtectionDomain; (java.base@14.0.1)
 312:            44           1408  java.lang.ThreadLocal$ThreadLocalMap$Entry (java.base@14.0.1)
 313:            44           1408  javax.management.MBeanParameterInfo (java.management@14.0.1)
 314:            25           1400  sun.security.ec.SunEC$ProviderService (jdk.crypto.ec@14.0.1)
 315:            29           1392  java.io.ObjectInputStream$FilterValues (java.base@14.0.1)
 316:            24           1344  java.io.FileCleanable (java.base@14.0.1)
 317:            56           1344  java.lang.invoke.InvokerBytecodeGenerator$CpPatch (java.base@14.0.1)
 318:            24           1344  java.nio.HeapCharBuffer (java.base@14.0.1)
 319:            55           1320  java.io.ObjectStreamClass$2 (java.base@14.0.1)
 320:             9           1296  [Ljava.lang.invoke.VarHandle$AccessMode; (java.base@14.0.1)
 321:            54           1296  java.security.spec.ECPoint (java.base@14.0.1)
 322:            80           1280  jdk.internal.logger.DefaultLoggerFinder$1 (java.base@14.0.1)
 323:            53           1272  sun.security.util.DerOutputStream (java.base@14.0.1)
 324:            52           1248  java.util.OptionalInt (java.base@14.0.1)
 325:            52           1248  jdk.internal.org.objectweb.asm.Edge (java.base@14.0.1)
 326:            51           1224  java.io.ByteArrayOutputStream (java.base@14.0.1)
 327:            17           1224  java.nio.DirectByteBuffer (java.base@14.0.1)
 328:            17           1224  java.rmi.MarshalledObject$MarshalledObjectInputStream (java.rmi@14.0.1)
 329:            51           1224  java.util.stream.FindOps$FindSink$OfInt (java.base@14.0.1)
 330:            51           1224  java.util.stream.IntPipeline$9$1 (java.base@14.0.1)
 331:            38           1216  java.util.logging.LogManager$4 (java.logging@14.0.1)
 332:            30           1200  java.lang.invoke.DirectMethodHandle$Accessor (java.base@14.0.1)
 333:            30           1200  java.time.temporal.ChronoField (java.base@14.0.1)
 334:            73           1192  [Ljava.lang.module.ModuleDescriptor$Opens; (java.base@14.0.1)
 335:            38           1184  [Ljava.math.BigInteger; (java.base@14.0.1)
 336:            37           1184  java.security.Permissions (java.base@14.0.1)
 337:            21           1176  javax.management.openmbean.ArrayType (java.management@14.0.1)
 338:             7           1168  [Ljava.util.Map$Entry; (java.base@14.0.1)
 339:            29           1160  java.io.ObjectStreamClass$FieldReflector (java.base@14.0.1)
 340:            13           1144  java.util.regex.Pattern (java.base@14.0.1)
 341:            47           1128  jdk.internal.jimage.ImageLocation (java.base@14.0.1)
 342:            34           1088  java.lang.StringLatin1$CharsSpliterator (java.base@14.0.1)
 343:            68           1088  jdk.internal.module.SystemModuleFinders$3 (java.base@14.0.1)
 344:            45           1080  java.lang.PublicMethods (java.base@14.0.1)
 345:            45           1080  java.util.jar.Attributes$Name (java.base@14.0.1)
 346:            19           1064  sun.security.mscapi.SunMSCAPI$ProviderService (jdk.crypto.mscapi@14.0.1)
 347:             1           1040  [Ljava.lang.Long; (java.base@14.0.1)
 348:            26           1040  java.lang.Package$VersionInfo (java.base@14.0.1)
 349:            26           1040  java.lang.invoke.MethodHandleImpl$AsVarargsCollector (java.base@14.0.1)
 350:            65           1040  java.lang.reflect.AccessibleObject$$Lambda$136/0x0000000800c33840 (java.base@14.0.1)
 351:            43           1032  java.util.Collections$SingletonList (java.base@14.0.1)
 352:            20           1024  [Lsun.invoke.util.Wrapper; (java.base@14.0.1)
 353:            32           1024  java.util.ArrayList$SubList (java.base@14.0.1)
 354:            16           1024  sun.security.provider.SHA2$SHA256 (java.base@14.0.1)
 355:            62           1016  [Ljava.lang.annotation.Annotation; (java.base@14.0.1)
 356:            44           1016  [[Ljava.lang.annotation.Annotation; (java.base@14.0.1)
 357:             7           1008  [Ljava.lang.invoke.MemberName; (java.base@14.0.1)
 358:            42           1008  java.net.InterfaceAddress (java.base@14.0.1)
 359:            63           1008  sun.reflect.generics.tree.ClassTypeSignature (java.base@14.0.1)
 360:             4           1000  [[Ljava.lang.String; (java.base@14.0.1)
 361:            31            992  java.lang.invoke.VarHandle$AccessMode (java.base@14.0.1)
 362:            41            984  [Ljava.security.Permission; (java.base@14.0.1)
 363:            41            984  com.sun.jmx.mbeanserver.PerInterface$MethodAndSig (java.management@14.0.1)
 364:            41            984  java.net.NetworkInterface$1 (java.base@14.0.1)
 365:            61            976  java.lang.ref.ReferenceQueue$Lock (java.base@14.0.1)
 366:            24            960  com.sun.jmx.mbeanserver.MXBeanSupport (java.management@14.0.1)
 367:            30            960  java.security.Provider$EngineDescription (java.base@14.0.1)
 368:            17            952  java.util.Properties (java.base@14.0.1)
 369:            39            936  sun.reflect.generics.visitor.Reifier (java.base@14.0.1)
 370:            29            928  java.security.DigestOutputStream (java.base@14.0.1)
 371:            38            912  java.util.concurrent.CopyOnWriteArrayList$COWIterator (java.base@14.0.1)
 372:            27            864  java.lang.Package (java.base@14.0.1)
 373:            26            832  java.util.Hashtable$Entry (java.base@14.0.1)
 374:            13            832  org.postgresql.core.v3.SimpleQuery
 375:            17            816  java.lang.invoke.BoundMethodHandle$Species_LLLL (java.base@14.0.1)
 376:            34            816  java.security.DrbgParameters$NextBytes (java.base@14.0.1)
 377:            51            816  java.util.LinkedHashMap$LinkedValues (java.base@14.0.1)
 378:            14            784  java.util.ServiceLoader (java.base@14.0.1)
 379:            14            784  java.util.concurrent.ConcurrentHashMap$EntryIterator (java.base@14.0.1)
 380:            14            784  javax.management.openmbean.OpenMBeanParameterInfoSupport (java.management@14.0.1)
 381:            48            768  [Ljavax.management.openmbean.CompositeData; (java.management@14.0.1)
 382:            32            768  com.sun.jmx.mbeanserver.DefaultMXBeanMappingFactory$IdentityMapping (java.management@14.0.1)
 383:            19            760  javax.management.MBeanPermission (java.management@14.0.1)
 384:            31            744  sun.reflect.generics.parser.SignatureParser (java.base@14.0.1)
 385:            13            728  [Ljava.util.regex.Pattern$GroupHead; (java.base@14.0.1)
 386:            33            728  [Ljavax.management.MBeanNotificationInfo; (java.management@14.0.1)
 387:            13            728  javax.management.openmbean.CompositeType (java.management@14.0.1)
 388:            13            728  org.jcp.xml.dsig.internal.dom.XMLDSigRI$ProviderService (java.xml.crypto@14.0.1)
 389:             9            720  [Ljava.lang.ThreadLocal$ThreadLocalMap$Entry; (java.base@14.0.1)
 390:            18            720  java.lang.NoSuchMethodError (java.base@14.0.1)
 391:            10            720  java.security.SecureRandom (java.base@14.0.1)
 392:            30            720  java.util.Date (java.base@14.0.1)
 393:            30            720  java.util.concurrent.ConcurrentSkipListMap$Node (java.base@14.0.1)
 394:             9            720  sun.nio.ch.NioSocketImpl (java.base@14.0.1)
 395:            30            720  sun.nio.ch.SocketOptionRegistry$RegistryKey (java.base@14.0.1)
 396:            30            720  sun.reflect.generics.factory.CoreReflectionFactory (java.base@14.0.1)
 397:            18            720  sun.reflect.generics.repository.MethodRepository (java.base@14.0.1)
 398:            22            704  java.util.concurrent.locks.ReentrantLock$NonfairSync (java.base@14.0.1)
 399:             8            696  [D (java.base@14.0.1)
 400:            29            696  java.security.Permissions$1 (java.base@14.0.1)
 401:            29            696  sun.rmi.server.UnicastServerRef$HashToMethod_Maps$1 (java.rmi@14.0.1)
 402:            17            680  java.lang.invoke.BoundMethodHandle$Species_LJ (java.base@14.0.1)
 403:            21            672  java.io.ByteArrayInputStream (java.base@14.0.1)
 404:            14            672  java.lang.invoke.BoundMethodHandle$Species_LLLLL (java.base@14.0.1)
 405:            12            672  java.lang.invoke.BoundMethodHandle$Species_LLLLLLL (java.base@14.0.1)
 406:            42            672  java.lang.invoke.StringConcatFactory$Recipe (java.base@14.0.1)
 407:            21            672  java.rmi.MarshalledObject (java.rmi@14.0.1)
 408:            28            672  java.time.LocalTime (java.base@14.0.1)
 409:            42            672  javax.management.remote.rmi.RMIConnectionImpl$SetCcl (java.management.rmi@14.0.1)
 410:            42            672  jdk.internal.reflect.BootstrapConstructorAccessorImpl (java.base@14.0.1)
 411:             6            672  sun.security.provider.HashDrbg (java.base@14.0.1)
 412:            20            640  java.io.FileInputStream (java.base@14.0.1)
 413:            16            640  java.text.DigitList (java.base@14.0.1)
 414:             3            624  [Ljava.lang.invoke.LambdaForm; (java.base@14.0.1)
 415:            26            624  com.sun.jmx.mbeanserver.NamedObject (java.management@14.0.1)
 416:            26            624  com.sun.jmx.remote.internal.ArrayNotificationBuffer$4 (java.management@14.0.1)
 417:            26            624  java.lang.RuntimePermission (java.base@14.0.1)
 418:            26            624  java.security.spec.ECFieldF2m (java.base@14.0.1)
 419:            26            624  java.time.Duration (java.base@14.0.1)
 420:            26            624  javax.management.ObjectInstance (java.management@14.0.1)
 421:            19            608  sun.util.resources.Bundles$CacheKey (java.base@14.0.1)
 422:            15            600  java.lang.invoke.DirectMethodHandle$Special (java.base@14.0.1)
 423:            25            600  java.lang.management.ManagementFactory$$Lambda$81/0x0000000800bc1840 (java.management@14.0.1)
 424:            15            600  java.net.InetAddress$CachedAddresses (java.base@14.0.1)
 425:            37            592  java.util.ImmutableCollections$ListN (java.base@14.0.1)
 426:            36            576  [Ljava.io.ObjectStreamClass$MemberSignature; (java.base@14.0.1)
 427:             2            576  [Lorg.postgresql.PGProperty;
 428:            24            576  java.lang.invoke.Invokers (java.base@14.0.1)
 429:            18            576  jdk.internal.loader.BuiltinClassLoader$1 (java.base@14.0.1)
 430:            18            576  sun.reflect.generics.tree.MethodTypeSignature (java.base@14.0.1)
 431:             2            560  [Ljava.lang.invoke.LambdaForm$Kind; (java.base@14.0.1)
 432:             7            560  [Ljava.nio.ByteBuffer; (java.base@14.0.1)
 433:            14            560  java.util.IdentityHashMap (java.base@14.0.1)
 434:             7            560  java.util.concurrent.TimeUnit (java.base@14.0.1)
 435:            14            560  javax.management.openmbean.SimpleType (java.management@14.0.1)
 436:            10            560  sun.invoke.util.Wrapper (java.base@14.0.1)
 437:            17            544  java.lang.StringUTF16$CharsSpliterator (java.base@14.0.1)
 438:             1            528  [Ljava.lang.Character; (java.base@14.0.1)
 439:            11            528  com.sun.jmx.mbeanserver.DefaultMXBeanMappingFactory$CompositeMapping (java.management@14.0.1)
 440:            22            528  java.util.concurrent.atomic.AtomicLong (java.base@14.0.1)
 441:            13            520  com.sun.jmx.mbeanserver.PerInterface (java.management@14.0.1)
 442:            13            520  java.io.BufferedInputStream (java.base@14.0.1)
 443:            13            520  java.lang.ClassNotFoundException (java.base@14.0.1)
 444:            13            520  java.util.ServiceLoader$LazyClassPathLookupIterator (java.base@14.0.1)
 445:            16            512  java.lang.invoke.VarHandle$AccessDescriptor (java.base@14.0.1)
 446:            16            512  java.time.temporal.ChronoUnit (java.base@14.0.1)
 447:            14            504  [Ljava.lang.invoke.LambdaForm$NamedFunction; (java.base@14.0.1)
 448:            20            480  [Ljava.lang.reflect.TypeVariable; (java.base@14.0.1)
 449:            12            480  java.lang.invoke.VarHandleReferences$FieldInstanceReadWrite (java.base@14.0.1)
 450:            15            480  java.util.ServiceLoader$ProviderImpl (java.base@14.0.1)
 451:            15            480  java.util.concurrent.ConcurrentSkipListMap$KeyIterator (java.base@14.0.1)
 452:            15            480  jdk.internal.loader.URLClassPath$FileLoader$1 (java.base@14.0.1)
 453:            12            480  sun.rmi.transport.tcp.TCPEndpoint (java.rmi@14.0.1)
 454:             5            480  sun.util.calendar.Gregorian$Date (java.base@14.0.1)
 455:            19            456  java.lang.Class$AnnotationData (java.base@14.0.1)
 456:            19            456  java.security.PermissionsHash (java.base@14.0.1)
 457:            11            448  [Ljava.lang.invoke.MethodType; (java.base@14.0.1)
 458:            14            448  java.net.InetAddress$CachedLocalHost (java.base@14.0.1)
 459:             8            448  sun.management.MemoryPoolImpl (java.management@14.0.1)
 460:            11            440  java.lang.OutOfMemoryError (java.base@14.0.1)
 461:            11            440  java.util.Collections$SingletonMap (java.base@14.0.1)
 462:            11            440  jdk.internal.reflect.UnsafeQualifiedStaticObjectFieldAccessorImpl (java.base@14.0.1)
 463:             1            432  [[[C (java.base@14.0.1)
 464:            18            432  java.lang.WeakPairMap$Pair$Lookup (java.base@14.0.1)
 465:             9            432  java.lang.invoke.BoundMethodHandle$SpeciesData (java.base@14.0.1)
 466:            27            432  java.security.spec.ECFieldFp (java.base@14.0.1)
 467:            18            432  java.util.Collections$1 (java.base@14.0.1)
 468:            18            432  javax.management.StandardMBean (java.management@14.0.1)
 469:            18            432  javax.management.remote.rmi.RMIConnectionImpl$6 (java.management.rmi@14.0.1)
 470:            18            432  javax.management.remote.rmi.RMIConnectionImpl$7 (java.management.rmi@14.0.1)
 471:            18            432  jdk.internal.loader.BuiltinClassLoader$2 (java.base@14.0.1)
 472:            18            432  sun.reflect.generics.reflectiveObjects.ParameterizedTypeImpl (java.base@14.0.1)
 473:            18            432  sun.reflect.generics.scope.MethodScope (java.base@14.0.1)
 474:            26            416  java.util.Collections$SingletonSet (java.base@14.0.1)
 475:            26            416  java.util.LinkedHashMap$LinkedEntrySet (java.base@14.0.1)
 476:            13            416  java.util.ServiceLoader$ModuleServicesLookupIterator (java.base@14.0.1)
 477:            13            416  org.postgresql.core.NativeQuery
 478:            13            416  sun.security.jca.ProviderConfig (java.base@14.0.1)
 479:             3            408  [Ljava.time.temporal.ChronoField; (java.base@14.0.1)
 480:            21            408  [Ljavax.management.MBeanConstructorInfo; (java.management@14.0.1)
 481:            17            408  java.io.ObjectStreamClass$ExceptionInfo (java.base@14.0.1)
 482:            17            408  sun.nio.ch.OptionKey (java.base@14.0.1)
 483:             5            400  [Ljava.time.temporal.ChronoUnit; (java.base@14.0.1)
 484:            10            400  java.lang.ClassLoader$NativeLibrary (java.base@14.0.1)
 485:            16            384  [Ljava.lang.management.ThreadInfo; (java.management@14.0.1)
 486:            16            384  java.net.InetSocketAddress$InetSocketAddressHolder (java.base@14.0.1)
 487:            12            384  java.nio.file.attribute.FileTime (java.base@14.0.1)
 488:             8            384  java.util.StringTokenizer (java.base@14.0.1)
 489:            12            384  jdk.jfr.internal.LogTag (jdk.jfr@14.0.1)
 490:             8            384  sun.nio.cs.StreamEncoder (java.base@14.0.1)
 491:             1            376  com.intellij.rt.execution.application.AppMainV2$1
 492:             1            376  java.lang.ref.Finalizer$FinalizerThread (java.base@14.0.1)
 493:             1            376  java.util.logging.LogManager$Cleaner (java.logging@14.0.1)
 494:             1            376  jdk.internal.misc.InnocuousThread (java.base@14.0.1)
 495:             2            368  [Lcom.sun.management.internal.DiagnosticCommandInfo; (jdk.management@14.0.1)
 496:             1            368  java.lang.ref.Reference$ReferenceHandler (java.base@14.0.1)
 497:             9            360  [Ljava.lang.invoke.BoundMethodHandle$SpeciesData; (java.base@14.0.1)
 498:            15            360  java.net.InetAddress$NameServiceAddresses (java.base@14.0.1)
 499:            15            360  java.text.ParsePosition (java.base@14.0.1)
 500:            15            360  java.util.Collections$SynchronizedSet (java.base@14.0.1)
 501:            15            360  java.util.ServiceLoader$1 (java.base@14.0.1)
 502:            21            352  [Lsun.reflect.generics.tree.FormalTypeParameter; (java.base@14.0.1)
 503:            22            352  java.util.concurrent.locks.ReentrantLock (java.base@14.0.1)
 504:            22            352  sun.util.logging.internal.LoggingProviderImpl$JULWrapper (java.logging@14.0.1)
 505:             6            336  java.lang.invoke.BoundMethodHandle$Species_LLLLLL (java.base@14.0.1)
 506:             6            336  java.nio.DirectLongBufferU (java.base@14.0.1)
 507:            14            336  org.postgresql.core.ServerVersion
 508:             7            336  sun.util.resources.Bundles$BundleReference (java.base@14.0.1)
 509:            18            328  [Lsun.reflect.generics.tree.TypeSignature; (java.base@14.0.1)
 510:             1            328  java.util.concurrent.ForkJoinPool (java.base@14.0.1)
 511:             8            320  [Ljava.lang.invoke.VarHandle$AccessType; (java.base@14.0.1)
 512:             2            320  java.lang.reflect.ProxyGenerator (java.base@14.0.1)
 513:             8            320  java.lang.reflect.ProxyGenerator$ProxyMethod (java.base@14.0.1)
 514:             8            320  java.net.Socket (java.base@14.0.1)
 515:            10            320  java.util.ArrayDeque$DeqIterator (java.base@14.0.1)
 516:            10            320  jdk.internal.math.FloatingDecimal$ASCIIToBinaryBuffer (java.base@14.0.1)
 517:             8            320  jdk.internal.ref.Cleaner (java.base@14.0.1)
 518:             8            320  sun.management.MemoryPoolImpl$CollectionSensor (java.management@14.0.1)
 519:             8            320  sun.management.MemoryPoolImpl$PoolSensor (java.management@14.0.1)
 520:             5            320  sun.nio.cs.SingleByte$Encoder (java.base@14.0.1)
 521:            10            320  sun.security.util.LazyCodeSourcePermissionCollection (java.base@14.0.1)
 522:             1            312  [Ljava.lang.module.ModuleDescriptor; (java.base@14.0.1)
 523:             1            312  [Ljava.lang.module.ModuleReference; (java.base@14.0.1)
 524:             1            312  [Ljdk.internal.module.ModuleHashes; (java.base@14.0.1)
 525:             1            312  [Ljdk.internal.module.ModuleResolution; (java.base@14.0.1)
 526:             1            312  [Ljdk.internal.module.ModuleTarget; (java.base@14.0.1)
 527:            13            312  com.sun.jmx.mbeanserver.MBeanAnalyzer (java.management@14.0.1)
 528:            13            312  com.sun.jmx.mbeanserver.MBeanIntrospector$MBeanInfoMaker (java.management@14.0.1)
 529:            13            312  java.util.ArrayDeque (java.base@14.0.1)
 530:            13            312  java.util.ServiceLoader$2 (java.base@14.0.1)
 531:            13            312  java.util.ServiceLoader$3 (java.base@14.0.1)
 532:            13            312  org.postgresql.shaded.com.ongres.scram.common.ScramAttributeValue
 533:            19            304  [Ljava.lang.StackTraceElement; (java.base@14.0.1)
 534:            19            304  java.io.FileInputStream$1 (java.base@14.0.1)
 535:            12            288  [Ljava.util.Enumeration; (java.base@14.0.1)
 536:             9            288  com.sun.jmx.remote.internal.ArrayNotificationBuffer$1 (java.management@14.0.1)
 537:            12            288  com.sun.jmx.remote.util.ClassLogger (java.management@14.0.1)
 538:             9            288  java.io.BufferedOutputStream (java.base@14.0.1)
 539:            12            288  java.lang.CompoundEnumeration (java.base@14.0.1)
 540:            12            288  java.net.StandardSocketOptions$StdSocketOption (java.base@14.0.1)
 541:            12            288  java.security.DrbgParameters$Instantiation (java.base@14.0.1)
 542:            12            288  java.util.Collections$2 (java.base@14.0.1)
 543:            12            288  java.util.Collections$SetFromMap (java.base@14.0.1)
 544:             9            288  java.util.ImmutableCollections$MapN (java.base@14.0.1)
 545:             6            288  java.util.concurrent.ThreadPoolExecutor$Worker (java.base@14.0.1)
 546:             9            288  java.util.logging.Level (java.logging@14.0.1)
 547:             9            288  java.util.logging.Level$KnownLevel (java.logging@14.0.1)
 548:            12            288  java.util.regex.Pattern$BmpCharProperty (java.base@14.0.1)
 549:             9            288  javax.management.MBeanNotificationInfo (java.management@14.0.1)
 550:             9            288  org.postgresql.core.SqlCommand
 551:            12            288  sun.reflect.generics.scope.ClassScope (java.base@14.0.1)
 552:             6            288  sun.security.provider.MoreDrbgParameters (java.base@14.0.1)
 553:             7            280  [Ljava.util.stream.StreamOpFlag$Type; (java.base@14.0.1)
 554:             7            280  [Ljava.util.stream.StreamOpFlag; (java.base@14.0.1)
 555:             5            280  sun.rmi.transport.tcp.TCPConnection (java.rmi@14.0.1)
 556:             5            280  sun.security.jca.ProviderList$ServiceList (java.base@14.0.1)
 557:            17            272  [Ljava.lang.management.LockInfo; (java.management@14.0.1)
 558:            17            272  [Ljava.lang.management.MonitorInfo; (java.management@14.0.1)
 559:             1            264  [Ljava.lang.module.ResolvedModule; (java.base@14.0.1)
 560:            11            264  java.lang.invoke.MethodHandleImpl$Intrinsic (java.base@14.0.1)
 561:             8            256  java.lang.reflect.ProxyGenerator$PrimitiveTypeInfo (java.base@14.0.1)
 562:            16            256  java.net.InetSocketAddress (java.base@14.0.1)
 563:             8            256  java.nio.DirectByteBuffer$Deallocator (java.base@14.0.1)
 564:             8            256  java.util.Collections$UnmodifiableMap (java.base@14.0.1)
 565:             8            256  java.util.PropertyPermission (java.base@14.0.1)
 566:            16            256  java.util.concurrent.atomic.AtomicInteger (java.base@14.0.1)
 567:             4            256  java.util.stream.ReferencePipeline$7 (java.base@14.0.1)
 568:             4            256  java.util.zip.Inflater (java.base@14.0.1)
 569:             6            240  java.io.BufferedWriter (java.base@14.0.1)
 570:            15            240  java.lang.ClassLoader$2 (java.base@14.0.1)
 571:            10            240  java.lang.NamedPackage (java.base@14.0.1)
 572:            10            240  java.nio.charset.CoderResult (java.base@14.0.1)
 573:            10            240  java.nio.file.StandardOpenOption (java.base@14.0.1)
 574:            10            240  java.util.AbstractMap$SimpleImmutableEntry (java.base@14.0.1)
 575:            10            240  java.util.regex.Pattern$Start (java.base@14.0.1)
 576:            10            240  java.util.regex.Pattern$TreeInfo (java.base@14.0.1)
 577:             5            240  sun.nio.cs.StreamDecoder (java.base@14.0.1)
 578:             5            240  sun.nio.cs.UTF_8$Encoder (java.base@14.0.1)
 579:             6            240  sun.rmi.transport.WeakRef (java.rmi@14.0.1)
 580:             5            240  sun.rmi.transport.tcp.TCPChannel (java.rmi@14.0.1)
 581:             5            240  sun.util.locale.provider.LocaleResources$ResourceReference (java.base@14.0.1)
 582:             7            224  java.util.ArrayList$ArrayListSpliterator (java.base@14.0.1)
 583:            14            224  java.util.Properties$EntrySet (java.base@14.0.1)
 584:             7            224  org.postgresql.core.Parser$SqlParseState
 585:             7            224  sun.rmi.runtime.NewThreadAction (java.rmi@14.0.1)
 586:             9            216  [Lorg.postgresql.shaded.com.ongres.scram.common.util.StringWritable;
 587:             9            216  com.sun.jmx.interceptor.DefaultMBeanServerInterceptor$ListenerWrapper (java.management@14.0.1)
 588:             9            216  java.lang.ThreadLocal$ThreadLocalMap (java.base@14.0.1)
 589:             9            216  java.util.Collections$UnmodifiableRandomAccessList (java.base@14.0.1)
 590:             9            216  java.util.LinkedList$Node (java.base@14.0.1)
 591:             9            216  jdk.internal.loader.AbstractClassLoaderValue$Sub (java.base@14.0.1)
 592:             1            216  org.postgresql.core.v3.QueryExecutorImpl
 593:             9            216  org.postgresql.shaded.com.ongres.scram.common.ScramAttributes
 594:             9            216  sun.rmi.runtime.Log$LoggerLog (java.rmi@14.0.1)
 595:             9            216  sun.util.logging.PlatformLogger$Level (java.base@14.0.1)
 596:            13            208  com.sun.jmx.mbeanserver.PerInterface$InitMaps (java.management@14.0.1)
 597:            13            208  java.util.regex.Pattern$$Lambda$67/0x0000000800bc7840 (java.base@14.0.1)
 598:             2            208  sun.net.www.protocol.file.FileURLConnection (java.base@14.0.1)
 599:             5            200  java.lang.invoke.DirectMethodHandle$Constructor (java.base@14.0.1)
 600:             5            200  java.util.EnumMap (java.base@14.0.1)
 601:             5            200  java.util.HashMap$ValueSpliterator (java.base@14.0.1)
 602:             5            200  java.util.IdentityHashMap$KeyIterator (java.base@14.0.1)
 603:             5            200  java.util.stream.StreamOpFlag (java.base@14.0.1)
 604:             5            200  javax.crypto.Mac (java.base@14.0.1)
 605:             5            200  sun.nio.cs.UTF_8$Decoder (java.base@14.0.1)
 606:             5            200  sun.rmi.transport.tcp.TCPTransport$ConnectionHandler (java.rmi@14.0.1)
 607:             6            192  com.sun.jmx.mbeanserver.DefaultMXBeanMappingFactory$CollectionMapping (java.management@14.0.1)
 608:             4            192  java.io.BufferedReader (java.base@14.0.1)
 609:            12            192  java.io.ObjectStreamClass$1 (java.base@14.0.1)
 610:            12            192  java.io.ObjectStreamClass$3 (java.base@14.0.1)
 611:            12            192  java.io.ObjectStreamClass$4 (java.base@14.0.1)
 612:            12            192  java.io.ObjectStreamClass$5 (java.base@14.0.1)
 613:             8            192  java.io.OutputStreamWriter (java.base@14.0.1)
 614:             8            192  java.lang.Class$3 (java.base@14.0.1)
 615:             4            192  java.lang.ThreadGroup (java.base@14.0.1)
 616:             6            192  java.lang.invoke.LambdaForm$BasicType (java.base@14.0.1)
 617:             8            192  java.math.RoundingMode (java.base@14.0.1)
 618:             8            192  java.net.NetPermission (java.base@14.0.1)
 619:             6            192  java.security.BasicPermissionCollection (java.base@14.0.1)
 620:             6            192  java.util.Collections$SynchronizedMap (java.base@14.0.1)
 621:             6            192  java.util.RegularEnumSet (java.base@14.0.1)
 622:             3            192  java.util.jar.JarFile (java.base@14.0.1)
 623:             3            192  java.util.zip.ZipFile$Source (java.base@14.0.1)
 624:             6            192  jdk.internal.loader.URLClassPath$1 (java.base@14.0.1)
 625:             4            192  org.postgresql.shaded.com.ongres.scram.common.ScramMechanisms
 626:             6            192  sun.management.NotificationEmitterSupport$ListenerInfo (java.management@14.0.1)
 627:             4            192  sun.nio.cs.ISO_8859_1$Encoder (java.base@14.0.1)
 628:             4            192  sun.nio.cs.SingleByte$Decoder (java.base@14.0.1)
 629:             7            184  [Ljava.util.regex.Pattern$Node; (java.base@14.0.1)
 630:            11            176  java.lang.ThreadLocal (java.base@14.0.1)
 631:            11            176  java.util.concurrent.ConcurrentHashMap$EntrySetView (java.base@14.0.1)
 632:             1            168  [[Ljava.math.BigInteger; (java.base@14.0.1)
 633:             7            168  java.lang.System$Logger$Level (java.base@14.0.1)
 634:             7            168  java.lang.invoke.VarForm (java.base@14.0.1)
 635:             7            168  java.net.Socket$SocketInputStream (java.base@14.0.1)
 636:             3            168  javax.management.openmbean.OpenMBeanOperationInfoSupport (java.management@14.0.1)
 637:             7            168  org.postgresql.core.SqlCommandType
 638:             7            168  sun.management.counter.Units (java.management@14.0.1)
 639:             7            168  sun.nio.ch.Util$BufferCache (java.base@14.0.1)
 640:             7            168  sun.reflect.annotation.AnnotationInvocationHandler (java.base@14.0.1)
 641:             7            168  sun.reflect.annotation.AnnotationParser$1 (java.base@14.0.1)
 642:             3            168  sun.rmi.transport.Target (java.rmi@14.0.1)
 643:             4            160  [Ljava.lang.invoke.LambdaForm$BasicType; (java.base@14.0.1)
 644:             6            160  [Ljava.rmi.server.Operation; (java.rmi@14.0.1)
 645:             3            160  [Ljava.util.logging.Level; (java.logging@14.0.1)
 646:             5            160  [Lorg.postgresql.shaded.com.ongres.scram.common.ScramMechanisms;
 647:             5            160  com.sun.crypto.provider.HmacCore$HmacSHA256 (java.base@14.0.1)
 648:             5            160  java.lang.StringCoding$StringEncoder (java.base@14.0.1)
 649:             4            160  java.lang.WeakPairMap$Pair$Weak (java.base@14.0.1)
 650:             4            160  java.lang.invoke.DirectMethodHandle$Interface (java.base@14.0.1)
 651:             5            160  java.lang.invoke.VarHandle$AccessType (java.base@14.0.1)
 652:             5            160  java.lang.invoke.VarHandleInts$FieldInstanceReadWrite (java.base@14.0.1)
 653:             5            160  java.util.AbstractList$Itr (java.base@14.0.1)
 654:             4            160  java.util.HashMap$EntrySpliterator (java.base@14.0.1)
 655:             5            160  java.util.LinkedList (java.base@14.0.1)
 656:             4            160  java.util.Properties$LineReader (java.base@14.0.1)
 657:             5            160  java.util.concurrent.SynchronousQueue$TransferStack$SNode (java.base@14.0.1)
 658:             5            160  java.util.concurrent.locks.AbstractQueuedSynchronizer$ConditionNode (java.base@14.0.1)
 659:             5            160  java.util.regex.Pattern$Branch (java.base@14.0.1)
 660:            10            160  javax.crypto.JceSecurity$IdentityWrapper (java.base@14.0.1)
 661:             5            160  javax.management.StandardEmitterMBean (java.management@14.0.1)
 662:             5            160  org.postgresql.core.CachedQuery
 663:             5            160  sun.util.locale.provider.LocaleProviderAdapter$Type (java.base@14.0.1)
 664:             6            144  [Ljava.net.InetSocketAddress; (java.base@14.0.1)
 665:             3            144  [Lorg.postgresql.core.Parser$SqlParseState;
 666:             6            144  java.lang.Thread$State (java.base@14.0.1)
 667:             6            144  java.lang.invoke.StringConcatFactory$Strategy (java.base@14.0.1)
 668:             6            144  java.net.Socket$SocketOutputStream (java.base@14.0.1)
 669:             9            144  java.rmi.server.Operation (java.rmi@14.0.1)
 670:             6            144  java.util.BitSet (java.base@14.0.1)
 671:             3            144  java.util.Hashtable$Enumerator (java.base@14.0.1)
 672:             1            144  java.util.Scanner (java.base@14.0.1)
 673:             6            144  java.util.Spliterators$1Adapter (java.base@14.0.1)
 674:             6            144  java.util.concurrent.ConcurrentSkipListMap$Index (java.base@14.0.1)
 675:             2            144  java.util.concurrent.ScheduledThreadPoolExecutor$ScheduledFutureTask (java.base@14.0.1)
 676:             6            144  java.util.regex.Pattern$CharProperty (java.base@14.0.1)
 677:             3            144  jdk.internal.loader.URLClassPath$JarLoader (java.base@14.0.1)
 678:             6            144  jdk.internal.perf.PerfCounter (java.base@14.0.1)
 679:             6            144  org.postgresql.jdbc.SslMode
 680:             2            144  sun.nio.ch.FileChannelImpl (java.base@14.0.1)
 681:             3            144  sun.nio.fs.WindowsDirectoryStream (java.base@14.0.1)
 682:             4            128  [Ljava.lang.invoke.LambdaFormEditor$Transform; (java.base@14.0.1)
 683:             2            128  [Ljava.lang.invoke.MethodHandleImpl$Intrinsic; (java.base@14.0.1)
 684:             2            128  [Ljdk.jfr.internal.LogTag; (jdk.jfr@14.0.1)
 685:             4            128  com.sun.jmx.mbeanserver.DefaultMXBeanMappingFactory$ArrayMapping (java.management@14.0.1)
 686:             2            128  java.io.StreamTokenizer (java.base@14.0.1)
 687:             4            128  java.lang.StringCoding$StringDecoder (java.base@14.0.1)
 688:             4            128  java.lang.WeakPairMap$Pair$Weak$1 (java.base@14.0.1)
 689:             2            128  java.net.SocksSocketImpl (java.base@14.0.1)
 690:             4            128  java.util.stream.FindOps$FindOp (java.base@14.0.1)
 691:             4            128  java.util.zip.ZipFile$CleanableResource (java.base@14.0.1)
 692:             1            128  org.postgresql.jdbc.PgConnection
 693:             2            128  org.postgresql.util.LruCache$LimitedMap
 694:             8            128  sun.nio.ch.NioSocketImpl$$Lambda$21/0x0000000800b97840 (java.base@14.0.1)
 695:             4            128  sun.util.locale.provider.LocaleResources (java.base@14.0.1)
 696:             5            120  java.io.InputStreamReader (java.base@14.0.1)
 697:             5            120  java.lang.StringCoding$Result (java.base@14.0.1)
 698:             5            120  java.lang.management.LockInfo (java.management@14.0.1)
 699:             5            120  java.lang.module.ModuleDescriptor$Opens (java.base@14.0.1)
 700:             3            120  java.net.SocketException (java.base@14.0.1)
 701:             5            120  java.time.LocalDate (java.base@14.0.1)
 702:             5            120  java.time.LocalDateTime (java.base@14.0.1)
 703:             5            120  java.util.Vector$1 (java.base@14.0.1)
 704:             5            120  java.util.regex.Pattern$CharPropertyGreedy (java.base@14.0.1)
 705:             5            120  java.util.stream.StreamOpFlag$Type (java.base@14.0.1)
 706:             3            120  java.util.zip.ZipFile$Source$End (java.base@14.0.1)
 707:             3            120  javax.management.remote.rmi.RMIConnectionImpl$4 (java.management.rmi@14.0.1)
 708:             5            120  jdk.internal.math.FloatingDecimal$PreparedASCIIToBinaryBuffer (java.base@14.0.1)
 709:             5            120  jdk.net.ExtendedSocketOptions$ExtSocketOption (jdk.net@14.0.1)
 710:             5            120  sun.nio.fs.WindowsFileAttributeViews$Basic (java.base@14.0.1)
 711:             5            120  sun.nio.fs.WindowsPathType (java.base@14.0.1)
 712:             5            120  sun.security.jca.ProviderList$ServiceList$1 (java.base@14.0.1)
 713:             5            120  sun.security.provider.DRBG (java.base@14.0.1)
 714:             5            120  sun.util.resources.LocaleData$1 (java.base@14.0.1)
 715:             4            112  [F (java.base@14.0.1)
 716:             1            112  [Ljava.time.LocalTime; (java.base@14.0.1)
 717:             2            112  [Lorg.postgresql.shaded.com.ongres.scram.common.ScramAttributes;
 718:             7            112  com.sun.jmx.mbeanserver.GetPropertyAction (java.management@14.0.1)
 719:             2            112  com.sun.security.sasl.gsskerb.JdkSASL$ProviderService (jdk.security.jgss@14.0.1)
 720:             2            112  java.net.SocketPermission (java.base@14.0.1)
 721:             2            112  java.nio.DirectIntBufferRU (java.base@14.0.1)
 722:             1            112  java.util.GregorianCalendar (java.base@14.0.1)
 723:             7            112  java.util.IdentityHashMap$KeySet (java.base@14.0.1)
 724:             2            112  java.util.concurrent.ConcurrentHashMap$KeyIterator (java.base@14.0.1)
 725:             2            112  javax.management.remote.JMXConnectionNotification (java.management@14.0.1)
 726:             1            112  jdk.internal.loader.ClassLoaders$AppClassLoader (java.base@14.0.1)
 727:             1            112  jdk.internal.loader.ClassLoaders$BootClassLoader (java.base@14.0.1)
 728:             1            112  jdk.internal.loader.ClassLoaders$PlatformClassLoader (java.base@14.0.1)
 729:             7            112  sun.nio.ch.NioSocketImpl$1 (java.base@14.0.1)
 730:             2            104  [Lsun.util.logging.PlatformLogger$Level; (java.base@14.0.1)
 731:             2             96  [Ljava.lang.System$Logger$Level; (java.base@14.0.1)
 732:             6             96  [Ljava.nio.file.LinkOption; (java.base@14.0.1)
 733:             2             96  [Ljava.util.concurrent.TimeUnit; (java.base@14.0.1)
 734:             3             96  [Lorg.postgresql.jdbc.PreferQueryMode;
 735:             1             96  [Lsun.util.locale.BaseLocale; (java.base@14.0.1)
 736:             1             96  com.sun.crypto.provider.SunJCE (java.base@14.0.1)
 737:             3             96  com.sun.jmx.mbeanserver.DefaultMXBeanMappingFactory$EnumMapping (java.management@14.0.1)
 738:             1             96  com.sun.jmx.remote.util.ClassLoaderWithRepository (java.management@14.0.1)
 739:             2             96  com.sun.management.internal.GarbageCollectorExtImpl (jdk.management@14.0.1)
 740:             6             96  com.sun.proxy.$Proxy1
 741:             1             96  com.sun.security.sasl.gsskerb.JdkSASL (jdk.security.jgss@14.0.1)
 742:             3             96  java.io.RandomAccessFile (java.base@14.0.1)
 743:             3             96  java.lang.Runtime$Version (java.base@14.0.1)
 744:             4             96  java.lang.module.ModuleDescriptor$Modifier (java.base@14.0.1)
 745:             4             96  java.lang.module.ModuleDescriptor$Requires$Modifier (java.base@14.0.1)
 746:             3             96  java.net.URI$Parser (java.base@14.0.1)
 747:             4             96  java.rmi.dgc.Lease (java.rmi@14.0.1)
 748:             4             96  java.sql.SQLPermission (java.sql@14.0.1)
 749:             4             96  java.time.OffsetDateTime (java.base@14.0.1)
 750:             3             96  java.util.LinkedHashMap$LinkedKeyIterator (java.base@14.0.1)
 751:             4             96  java.util.regex.Pattern$GroupHead (java.base@14.0.1)
 752:             4             96  java.util.regex.Pattern$GroupTail (java.base@14.0.1)
 753:             4             96  java.util.stream.Collectors$$Lambda$53/0x0000000800bad040 (java.base@14.0.1)
 754:             4             96  java.util.stream.ReferencePipeline$7$1 (java.base@14.0.1)
 755:             4             96  java.util.stream.StreamShape (java.base@14.0.1)
 756:             4             96  java.util.zip.Inflater$InflaterZStreamRef (java.base@14.0.1)
 757:             4             96  java.util.zip.ZipFile$Source$Key (java.base@14.0.1)
 758:             4             96  javax.crypto.spec.SecretKeySpec (java.base@14.0.1)
 759:             3             96  javax.management.MBeanConstructorInfo (java.management@14.0.1)
 760:             2             96  javax.management.openmbean.TabularType (java.management@14.0.1)
 761:             3             96  javax.management.remote.NotificationResult (java.management@14.0.1)
 762:             1             96  jdk.internal.jimage.ImageReader$SharedImageReader (java.base@14.0.1)
 763:             6             96  jdk.internal.loader.ClassLoaderValue (java.base@14.0.1)
 764:             4             96  jdk.internal.loader.URLClassPath$3 (java.base@14.0.1)
 765:             4             96  jdk.internal.logger.BootstrapLogger$LoggingBackend (java.base@14.0.1)
 766:             1             96  org.jcp.xml.dsig.internal.dom.XMLDSigRI (java.xml.crypto@14.0.1)
 767:             4             96  org.postgresql.core.JavaVersion
 768:             4             96  org.postgresql.core.v3.ExecuteRequest
 769:             4             96  org.postgresql.hostchooser.HostStatus
 770:             4             96  org.postgresql.jdbc.GSSEncMode
 771:             4             96  org.postgresql.jdbc.PreferQueryMode
 772:             4             96  org.postgresql.shaded.com.ongres.scram.common.gssapi.Gs2Attributes
 773:             2             96  org.postgresql.util.LruCache
 774:             3             96  sun.net.spi.DefaultProxySelector$NonProxyInfo (java.base@14.0.1)
 775:             1             96  sun.net.www.protocol.jar.URLJarFile$URLJarFileEntry (java.base@14.0.1)
 776:             6             96  sun.nio.ch.NioSocketImpl$2 (java.base@14.0.1)
 777:             4             96  sun.nio.cs.Surrogate$Parser (java.base@14.0.1)
 778:             3             96  sun.nio.fs.WindowsChannelFactory$Flags (java.base@14.0.1)
 779:             3             96  sun.nio.fs.WindowsNativeDispatcher$FirstFile (java.base@14.0.1)
 780:             3             96  sun.reflect.generics.reflectiveObjects.TypeVariableImpl (java.base@14.0.1)
 781:             3             96  sun.reflect.generics.repository.ClassRepository (java.base@14.0.1)
 782:             4             96  sun.rmi.server.UnicastServerRef$$Lambda$127/0x0000000800c20c40 (java.rmi@14.0.1)
 783:             3             96  sun.rmi.transport.LiveRef (java.rmi@14.0.1)
 784:             1             96  sun.security.ec.SunEC (jdk.crypto.ec@14.0.1)
 785:             1             96  sun.security.jca.ProviderList$1 (java.base@14.0.1)
 786:             1             96  sun.security.mscapi.SunMSCAPI (jdk.crypto.mscapi@14.0.1)
 787:             1             96  sun.security.provider.Sun (java.base@14.0.1)
 788:             1             96  sun.security.rsa.SunRsaSign (java.base@14.0.1)
 789:             1             96  sun.security.smartcardio.SunPCSC (java.smartcardio@14.0.1)
 790:             1             96  sun.security.ssl.SunJSSE (java.base@14.0.1)
 791:             3             88  [Ljava.nio.file.AccessMode; (java.base@14.0.1)
 792:             2             88  [Lsun.security.jca.ProviderConfig; (java.base@14.0.1)
 793:             1             88  org.postgresql.core.PGStream
 794:             1             88  sun.net.www.protocol.jar.JarURLConnection (java.base@14.0.1)
 795:             1             88  sun.reflect.misc.MethodUtil (java.base@14.0.1)
 796:             2             80  [Ljava.lang.invoke.StringConcatFactory$Strategy; (java.base@14.0.1)
 797:             1             80  [Ljava.util.concurrent.ForkJoinPool$WorkQueue; (java.base@14.0.1)
 798:             1             80  [Ljava.util.concurrent.RunnableScheduledFuture; (java.base@14.0.1)
 799:             2             80  [Lorg.postgresql.hostchooser.HostRequirement;
 800:             2             80  [Lorg.postgresql.jdbc.SslMode;
 801:             2             80  [Lsun.util.locale.provider.LocaleProviderAdapter$Type; (java.base@14.0.1)
 802:             2             80  com.sun.jmx.mbeanserver.DefaultMXBeanMappingFactory$TabularMapping (java.management@14.0.1)
 803:             2             80  java.io.FilePermission (java.base@14.0.1)
 804:             2             80  java.io.PrintStream (java.base@14.0.1)
 805:             2             80  java.lang.ModuleLayer (java.base@14.0.1)
 806:             2             80  java.lang.VirtualMachineError (java.base@14.0.1)
 807:             2             80  java.lang.module.Configuration (java.base@14.0.1)
 808:             2             80  java.rmi.server.SkeletonNotFoundException (java.rmi@14.0.1)
 809:             2             80  java.util.Locale$Category (java.base@14.0.1)
 810:             5             80  java.util.WeakHashMap$KeySet (java.base@14.0.1)
 811:             1             80  java.util.concurrent.ScheduledThreadPoolExecutor (java.base@14.0.1)
 812:             5             80  java.util.regex.Pattern$BranchConn (java.base@14.0.1)
 813:             5             80  java.util.stream.StreamOpFlag$MaskBuilder (java.base@14.0.1)
 814:             2             80  javax.crypto.CryptoPolicyParser$CryptoPermissionEntry (java.base@14.0.1)
 815:             2             80  jdk.internal.loader.AbstractClassLoaderValue$Memoizer (java.base@14.0.1)
 816:             2             80  jdk.internal.math.FloatingDecimal$BinaryToASCIIBuffer (java.base@14.0.1)
 817:             1             80  org.postgresql.jdbc.TypeInfoCache
 818:             2             80  sun.management.MemoryManagerImpl (java.management@14.0.1)
 819:             2             80  sun.net.ConnectionResetException (java.base@14.0.1)
 820:             1             80  sun.net.www.protocol.jar.URLJarFile (java.base@14.0.1)
 821:             2             80  sun.rmi.server.UnicastServerRef2 (java.rmi@14.0.1)
 822:             5             80  sun.rmi.transport.tcp.TCPTransport$ConnectionHandler$$Lambda$119/0x0000000800c03040 (java.rmi@14.0.1)
 823:             1             80  sun.util.cldr.CLDRLocaleProviderAdapter (java.base@14.0.1)
 824:             1             80  sun.util.locale.provider.JRELocaleProviderAdapter (java.base@14.0.1)
 825:             1             80  sun.util.locale.provider.LocaleProviderAdapter$NonExistentAdapter (java.base@14.0.1)
 826:             2             72  [Ljava.lang.Runnable; (java.base@14.0.1)
 827:             3             72  [Ljava.rmi.server.ObjID; (java.rmi@14.0.1)
 828:             3             72  [Ljavax.management.openmbean.OpenMBeanParameterInfo; (java.management@14.0.1)
 829:             1             72  [Ljavax.management.openmbean.SimpleType; (java.management@14.0.1)
 830:             1             72  [Lorg.postgresql.core.ServerVersion;
 831:             3             72  java.io.ObjectInputFilter$Status (java.base@14.0.1)
 832:             3             72  java.lang.StackWalker$Option (java.base@14.0.1)
 833:             3             72  java.lang.WeakPairMap (java.base@14.0.1)
 834:             3             72  java.lang.annotation.RetentionPolicy (java.base@14.0.1)
 835:             3             72  java.lang.invoke.StringConcatFactory$Mode (java.base@14.0.1)
 836:             3             72  java.net.Proxy$Type (java.base@14.0.1)
 837:             3             72  java.nio.file.AccessMode (java.base@14.0.1)
 838:             3             72  java.rmi.dgc.VMID (java.rmi@14.0.1)
 839:             3             72  java.security.DrbgParameters$Capability (java.base@14.0.1)
 840:             3             72  java.security.SecurityPermission (java.base@14.0.1)
 841:             3             72  java.time.ZoneOffset (java.base@14.0.1)
 842:             3             72  java.util.Collections$UnmodifiableList (java.base@14.0.1)
 843:             1             72  java.util.concurrent.ThreadPoolExecutor (java.base@14.0.1)
 844:             3             72  java.util.concurrent.locks.AbstractQueuedSynchronizer$ConditionObject (java.base@14.0.1)
 845:             3             72  java.util.regex.Pattern$Slice (java.base@14.0.1)
 846:             3             72  java.util.regex.Pattern$SliceU (java.base@14.0.1)
 847:             3             72  java.util.stream.Collector$Characteristics (java.base@14.0.1)
 848:             3             72  javax.management.NotificationBroadcasterSupport$ListenerInfo (java.management@14.0.1)
 849:             3             72  jdk.internal.jimage.BasicImageReader$1 (java.base@14.0.1)
 850:             3             72  jdk.internal.loader.FileURLMapper (java.base@14.0.1)
 851:             3             72  jdk.internal.math.FloatingDecimal$ExceptionalBinaryToASCIIBuffer (java.base@14.0.1)
 852:             3             72  jdk.internal.module.IllegalAccessLogger$Mode (java.base@14.0.1)
 853:             3             72  jdk.jfr.internal.SecuritySupport$$Lambda$131/0x0000000800c35840 (jdk.jfr@14.0.1)
 854:             3             72  jdk.jfr.internal.SecuritySupport$SafePath (jdk.jfr@14.0.1)
 855:             3             72  org.postgresql.core.TransactionState
 856:             3             72  org.postgresql.jdbc.AutoSave
 857:             3             72  org.postgresql.jdbc.EscapeSyntaxCallMode
 858:             3             72  org.postgresql.jdbc.PgConnection$ReadOnlyBehavior
 859:             3             72  org.postgresql.shaded.com.ongres.scram.client.ScramClient$ChannelBinding
 860:             3             72  org.postgresql.shaded.com.ongres.scram.common.gssapi.Gs2CbindFlag
 861:             3             72  sun.management.ManagementFactoryHelper$1 (java.management@14.0.1)
 862:             3             72  sun.reflect.generics.tree.ClassSignature (java.base@14.0.1)
 863:             3             72  sun.reflect.generics.tree.FormalTypeParameter (java.base@14.0.1)
 864:             3             64  [Lcom.sun.jmx.mbeanserver.ClassLoaderRepositorySupport$LoaderEntry; (java.management@14.0.1)
 865:             2             64  [Ljava.lang.StackWalker$Option; (java.base@14.0.1)
 866:             2             64  [Ljava.lang.annotation.RetentionPolicy; (java.base@14.0.1)
 867:             2             64  [Ljava.lang.invoke.StringConcatFactory$Mode; (java.base@14.0.1)
 868:             2             64  [Ljava.nio.charset.CoderResult; (java.base@14.0.1)
 869:             2             64  [Ljava.util.stream.Collector$Characteristics; (java.base@14.0.1)
 870:             2             64  [Lorg.postgresql.jdbc.AutoSave;
 871:             2             64  [Lorg.postgresql.jdbc.EscapeSyntaxCallMode;
 872:             2             64  [Lorg.postgresql.jdbc.GSSEncMode;
 873:             2             64  [Lorg.postgresql.jdbc.PgConnection$ReadOnlyBehavior;
 874:             1             64  com.sun.jmx.remote.internal.ArrayNotificationBuffer (java.management@14.0.1)
 875:             2             64  java.io.FileOutputStream (java.base@14.0.1)
 876:             2             64  java.lang.ClassValue$Entry (java.base@14.0.1)
 877:             2             64  java.lang.StackWalker (java.base@14.0.1)
 878:             2             64  java.lang.invoke.VarHandleLongs$FieldInstanceReadWrite (java.base@14.0.1)
 879:             2             64  java.lang.ref.ReferenceQueue$Null (java.base@14.0.1)
 880:             4             64  java.util.LinkedHashMap$LinkedKeySet (java.base@14.0.1)
 881:             4             64  java.util.LinkedHashSet (java.base@14.0.1)
 882:             4             64  java.util.ResourceBundle$ResourceBundleProviderHelper$$Lambda$28/0x0000000800b99c40 (java.base@14.0.1)
 883:             4             64  java.util.TreeSet (java.base@14.0.1)
 884:             4             64  java.util.concurrent.ConcurrentHashMap$ValuesView (java.base@14.0.1)
 885:             2             64  java.util.jar.Manifest$FastInputStream (java.base@14.0.1)
 886:             1             64  java.util.logging.LogManager$RootLogger (java.logging@14.0.1)
 887:             4             64  java.util.regex.Pattern$BitClass (java.base@14.0.1)
 888:             2             64  java.util.regex.Pattern$BnM (java.base@14.0.1)
 889:             4             64  java.util.stream.Collectors$$Lambda$54/0x0000000800bad440 (java.base@14.0.1)
 890:             2             64  javax.management.remote.JMXServiceURL (java.management@14.0.1)
 891:             1             64  javax.management.remote.rmi.RMIConnectionImpl (java.management.rmi@14.0.1)
 892:             1             64  javax.management.remote.rmi.RMIConnectorServer (java.management.rmi@14.0.1)
 893:             1             64  javax.management.remote.rmi.RMIJRMPServerImpl (java.management.rmi@14.0.1)
 894:             4             64  jdk.internal.reflect.ReflectionFactory$GetReflectionFactoryAction (java.base@14.0.1)
 895:             4             64  jdk.jfr.internal.SecuritySupport$4 (jdk.jfr@14.0.1)
 896:             2             64  org.postgresql.core.ByteOptimizedUTF8Encoder
 897:             2             64  org.postgresql.core.SetupQueryRunner$SimpleResultHandler
 898:             2             64  org.postgresql.core.VisibleBufferedInputStream
 899:             2             64  sun.net.spi.DefaultProxySelector$3 (java.base@14.0.1)
 900:             2             64  sun.nio.ch.ChannelInputStream (java.base@14.0.1)
 901:             2             64  sun.nio.fs.NativeBuffer (java.base@14.0.1)
 902:             2             64  sun.nio.fs.WindowsDirectoryStream$WindowsDirectoryIterator (java.base@14.0.1)
 903:             2             64  sun.reflect.annotation.AnnotationType (java.base@14.0.1)
 904:             2             64  sun.rmi.transport.tcp.TCPTransport (java.rmi@14.0.1)
 905:             4             64  sun.security.action.GetBooleanAction (java.base@14.0.1)
 906:             2             64  sun.util.resources.Bundles$2 (java.base@14.0.1)
 907:             1             56  [Ljava.nio.file.StandardOpenOption; (java.base@14.0.1)
 908:             3             56  [Lsun.reflect.generics.tree.ClassTypeSignature; (java.base@14.0.1)
 909:             1             56  [[I (java.base@14.0.1)
 910:             1             56  com.sun.jmx.remote.internal.ServerNotifForwarder (java.management@14.0.1)
 911:             1             56  java.io.ObjectInputFilter$Config$Global (java.base@14.0.1)
 912:             1             56  java.io.ObjectOutputStream (java.base@14.0.1)
 913:             1             56  java.lang.invoke.BoundMethodHandle$Specializer (java.base@14.0.1)
 914:             1             56  java.nio.DirectIntBufferU (java.base@14.0.1)
 915:             1             56  java.util.logging.LogManager (java.logging@14.0.1)
 916:             1             56  jdk.internal.ref.CleanerImpl$SoftCleanableRef (java.base@14.0.1)
 917:             1             56  sun.security.smartcardio.SunPCSC$ProviderService (java.smartcardio@14.0.1)
 918:             1             48  [Ljava.lang.management.MemoryPoolMXBean; (java.management@14.0.1)
 919:             1             48  [Ljava.math.RoundingMode; (java.base@14.0.1)
 920:             3             48  [Ljava.nio.file.attribute.FileAttribute; (java.base@14.0.1)
 921:             2             48  [Ljava.rmi.MarshalledObject; (java.rmi@14.0.1)
 922:             2             48  [Ljava.util.Locale$Category; (java.base@14.0.1)
 923:             2             48  [Ljavax.crypto.CryptoPermission; (java.base@14.0.1)
 924:             2             48  [Ljavax.management.NotificationFilter; (java.management@14.0.1)
 925:             2             48  [Ljavax.management.ObjectName; (java.management@14.0.1)
 926:             3             48  [Ljavax.management.remote.TargetedNotification; (java.management@14.0.1)
 927:             2             48  [Ljavax.security.auth.Subject; (java.base@14.0.1)
 928:             1             48  [Lorg.postgresql.core.SqlCommandType;
 929:             1             48  [Lru.job4j.tracker.UserAction;
 930:             1             48  [Lsun.management.counter.Units; (java.management@14.0.1)
 931:             3             48  [Lsun.util.calendar.ZoneInfoFile$ZoneOffsetTransitionRule; (java.base@14.0.1)
 932:             2             48  com.sun.jmx.mbeanserver.ClassLoaderRepositorySupport$LoaderEntry (java.management@14.0.1)
 933:             1             48  com.sun.jmx.mbeanserver.DefaultMXBeanMappingFactory$Mappings (java.management@14.0.1)
 934:             1             48  com.sun.jmx.mbeanserver.MBeanIntrospector$MBeanInfoMap (java.management@14.0.1)
 935:             1             48  com.sun.jmx.mbeanserver.MBeanIntrospector$PerInterfaceMap (java.management@14.0.1)
 936:             2             48  com.sun.jmx.mbeanserver.WeakIdentityHashMap (java.management@14.0.1)
 937:             2             48  com.sun.jmx.remote.internal.ServerNotifForwarder$1 (java.management@14.0.1)
 938:             2             48  com.sun.jmx.remote.internal.ServerNotifForwarder$IdAndFilter (java.management@14.0.1)
 939:             2             48  java.io.File$PathStatus (java.base@14.0.1)
 940:             3             48  java.lang.WeakPairMap$$Lambda$133/0x0000000800c35040 (java.base@14.0.1)
 941:             1             48  java.lang.invoke.BoundMethodHandle$Specializer$Factory (java.base@14.0.1)
 942:             2             48  java.lang.management.MemoryType (java.management@14.0.1)
 943:             1             48  java.lang.module.Resolver (java.base@14.0.1)
 944:             2             48  java.lang.reflect.Proxy$ProxyBuilder (java.base@14.0.1)
 945:             2             48  java.lang.reflect.Proxy$ProxyBuilder$1 (java.base@14.0.1)
 946:             2             48  java.lang.reflect.ReflectPermission (java.base@14.0.1)
 947:             2             48  java.net.StandardProtocolFamily (java.base@14.0.1)
 948:             3             48  java.nio.charset.CodingErrorAction (java.base@14.0.1)
 949:             2             48  java.security.AllPermissionCollection (java.base@14.0.1)
 950:             2             48  java.time.chrono.IsoEra (java.base@14.0.1)
 951:             2             48  java.util.Collections$3 (java.base@14.0.1)
 952:             3             48  java.util.ResourceBundle$NoFallbackControl (java.base@14.0.1)
 953:             1             48  java.util.TimSort (java.base@14.0.1)
 954:             2             48  java.util.concurrent.ConcurrentHashMap$KeySetView (java.base@14.0.1)
 955:             1             48  java.util.concurrent.ConcurrentSkipListMap (java.base@14.0.1)
 956:             2             48  java.util.concurrent.Executors$RunnableAdapter (java.base@14.0.1)
 957:             1             48  java.util.concurrent.locks.ReentrantReadWriteLock$FairSync (java.base@14.0.1)
 958:             2             48  java.util.jar.Manifest (java.base@14.0.1)
 959:             2             48  java.util.logging.Logger$LoggerBundle (java.logging@14.0.1)
 960:             2             48  java.util.logging.LoggingPermission (java.logging@14.0.1)
 961:             2             48  java.util.regex.Pattern$BmpCharPredicate$$Lambda$73/0x0000000800bc4440 (java.base@14.0.1)
 962:             2             48  java.util.regex.Pattern$Dollar (java.base@14.0.1)
 963:             2             48  java.util.stream.Collectors$$Lambda$26/0x0000000800b99440 (java.base@14.0.1)
 964:             2             48  java.util.stream.Streams$StreamBuilderImpl (java.base@14.0.1)
 965:             2             48  javax.crypto.CryptoAllPermissionCollection (java.base@14.0.1)
 966:             2             48  javax.crypto.CryptoPermissions (java.base@14.0.1)
 967:             2             48  javax.crypto.CryptoPolicyParser (java.base@14.0.1)
 968:             2             48  javax.management.NotificationBroadcasterSupport (java.management@14.0.1)
 969:             1             48  javax.management.remote.rmi.RMIConnectionImpl$RMIServerCommunicatorAdmin (java.management.rmi@14.0.1)
 970:             1             48  jdk.internal.jimage.ImageHeader (java.base@14.0.1)
 971:             3             48  jdk.internal.loader.URLClassPath$JarLoader$1 (java.base@14.0.1)
 972:             2             48  jdk.internal.misc.Signal (java.base@14.0.1)
 973:             2             48  jdk.internal.misc.Signal$NativeHandler (java.base@14.0.1)
 974:             3             48  jdk.internal.module.ServicesCatalog (java.base@14.0.1)
 975:             1             48  jdk.internal.ref.CleanerImpl$WeakCleanableRef (java.base@14.0.1)
 976:             1             48  jdk.management.jfr.FlightRecorderMXBeanImpl (jdk.management.jfr@14.0.1)
 977:             1             48  org.postgresql.jdbc.TimestampUtils
 978:             1             48  org.postgresql.shaded.com.ongres.scram.client.ScramClient$Builder
 979:             2             48  sun.net.www.MessageHeader (java.base@14.0.1)
 980:             2             48  sun.nio.ch.NativeThreadSet (java.base@14.0.1)
 981:             2             48  sun.nio.fs.NativeBuffer$Deallocator (java.base@14.0.1)
 982:             1             48  sun.nio.fs.WindowsException (java.base@14.0.1)
 983:             2             48  sun.reflect.annotation.AnnotationType$1 (java.base@14.0.1)
 984:             1             48  sun.rmi.runtime.Log$InternalStreamHandler (java.rmi@14.0.1)
 985:             3             48  sun.rmi.runtime.RuntimeUtil$GetInstanceAction (java.rmi@14.0.1)
 986:             2             48  sun.rmi.transport.SequenceEntry (java.rmi@14.0.1)
 987:             2             48  sun.security.jca.ProviderList (java.base@14.0.1)
 988:             2             48  sun.security.jca.ProviderList$3 (java.base@14.0.1)
 989:             2             48  sun.util.locale.provider.LocaleServiceProviderPool (java.base@14.0.1)
 990:             1             48  sun.util.resources.cldr.TimeZoneNames (java.base@14.0.1)
 991:             1             48  sun.util.resources.cldr.TimeZoneNames_en (java.base@14.0.1)
 992:             1             40  [Ljava.lang.Thread$State; (java.base@14.0.1)
 993:             2             40  [Ljava.net.URL; (java.base@14.0.1)
 994:             1             40  [Lsun.nio.fs.WindowsPathType; (java.base@14.0.1)
 995:             1             40  [[Ljava.lang.invoke.LambdaForm$Name; (java.base@14.0.1)
 996:             1             40  com.sun.jmx.interceptor.DefaultMBeanServerInterceptor (java.management@14.0.1)
 997:             1             40  com.sun.jmx.mbeanserver.JmxMBeanServer (java.management@14.0.1)
 998:             1             40  com.sun.jmx.mbeanserver.MBeanServerDelegateImpl (java.management@14.0.1)
 999:             1             40  com.sun.management.internal.DiagnosticCommandImpl (jdk.management@14.0.1)
1000:             1             40  java.io.IOException (java.base@14.0.1)
1001:             1             40  java.lang.ArithmeticException (java.base@14.0.1)
1002:             1             40  java.lang.Exception (java.base@14.0.1)
1003:             1             40  java.lang.IncompatibleClassChangeError (java.base@14.0.1)
1004:             1             40  java.lang.InternalError (java.base@14.0.1)
1005:             1             40  java.lang.NullPointerException (java.base@14.0.1)
1006:             1             40  java.lang.invoke.VarHandleReferences$Array (java.base@14.0.1)
1007:             1             40  java.lang.ref.Finalizer (java.base@14.0.1)
1008:             1             40  java.security.PrivilegedActionException (java.base@14.0.1)
1009:             1             40  java.util.ResourceBundle$2 (java.base@14.0.1)
1010:             1             40  javax.crypto.CryptoAllPermission (java.base@14.0.1)
1011:             1             40  jdk.internal.loader.URLClassPath (java.base@14.0.1)
1012:             1             40  jdk.internal.ref.CleanerImpl$CleanerCleanable (java.base@14.0.1)
1013:             1             40  org.postgresql.core.v3.SimpleParameterList
1014:             1             40  org.postgresql.jre7.sasl.ScramAuthenticator
1015:             1             40  org.postgresql.shaded.com.ongres.scram.client.ScramSession
1016:             1             40  org.postgresql.shaded.com.ongres.scram.client.ScramSession$ClientFinalProcessor
1017:             1             40  sun.nio.cs.StandardCharsets$Aliases (java.base@14.0.1)
1018:             1             40  sun.nio.cs.StandardCharsets$Cache (java.base@14.0.1)
1019:             1             40  sun.nio.cs.StandardCharsets$Classes (java.base@14.0.1)
1020:             1             40  sun.nio.cs.US_ASCII$Decoder (java.base@14.0.1)
1021:             1             40  sun.rmi.server.UnicastServerRef (java.rmi@14.0.1)
1022:             1             40  sun.text.resources.cldr.FormatData (java.base@14.0.1)
1023:             1             40  sun.text.resources.cldr.ext.FormatData_ru (jdk.localedata@14.0.1)
1024:             1             40  sun.util.resources.Bundles$1 (java.base@14.0.1)
1025:             1             40  sun.util.resources.cldr.CalendarData (java.base@14.0.1)
1026:             1             32  [Ljava.io.ObjectInputFilter$Status; (java.base@14.0.1)
1027:             1             32  [Ljava.lang.OutOfMemoryError; (java.base@14.0.1)
1028:             1             32  [Ljava.lang.ThreadGroup; (java.base@14.0.1)
1029:             1             32  [Ljava.lang.management.MemoryManagerMXBean; (java.management@14.0.1)
1030:             1             32  [Ljava.lang.module.ModuleDescriptor$Modifier; (java.base@14.0.1)
1031:             1             32  [Ljava.lang.module.ModuleDescriptor$Requires$Modifier; (java.base@14.0.1)
1032:             1             32  [Ljava.net.Proxy$Type; (java.base@14.0.1)
1033:             2             32  [Ljava.nio.file.OpenOption; (java.base@14.0.1)
1034:             1             32  [Ljava.security.DrbgParameters$Capability; (java.base@14.0.1)
1035:             1             32  [Ljava.util.stream.StreamShape; (java.base@14.0.1)
1036:             1             32  [Ljdk.internal.logger.BootstrapLogger$LoggingBackend; (java.base@14.0.1)
1037:             1             32  [Ljdk.internal.module.IllegalAccessLogger$Mode; (java.base@14.0.1)
1038:             1             32  [Lorg.postgresql.core.JavaVersion;
1039:             1             32  [Lorg.postgresql.core.TransactionState;
1040:             1             32  [Lorg.postgresql.hostchooser.HostStatus;
1041:             1             32  [Lorg.postgresql.shaded.com.ongres.scram.client.ScramClient$ChannelBinding;
1042:             1             32  [Lorg.postgresql.shaded.com.ongres.scram.common.gssapi.Gs2Attributes;
1043:             1             32  [Lorg.postgresql.shaded.com.ongres.scram.common.gssapi.Gs2CbindFlag;
1044:             1             32  [Lsun.nio.fs.NativeBuffer; (java.base@14.0.1)
1045:             1             32  com.sun.crypto.provider.PBKDF2KeyImpl (java.base@14.0.1)
1046:             1             32  com.sun.jmx.mbeanserver.Repository (java.management@14.0.1)
1047:             1             32  com.sun.jmx.mbeanserver.Repository$ObjectNamePattern (java.management@14.0.1)
1048:             1             32  com.sun.jmx.remote.internal.ArrayQueue (java.management@14.0.1)
1049:             2             32  com.sun.management.internal.DiagnosticCommandImpl$OperationInfoComparator (jdk.management@14.0.1)
1050:             1             32  java.io.ObjectInputStream$GetFieldImpl (java.base@14.0.1)
1051:             1             32  java.io.WinNTFileSystem (java.base@14.0.1)
1052:             2             32  java.lang.InheritableThreadLocal (java.base@14.0.1)
1053:             2             32  java.lang.Shutdown$Lock (java.base@14.0.1)
1054:             1             32  java.lang.module.ModuleDescriptor$Version (java.base@14.0.1)
1055:             2             32  java.lang.reflect.Proxy$$Lambda$41/0x0000000800ba9040 (java.base@14.0.1)
1056:             2             32  java.net.SocksSocketImpl$3 (java.base@14.0.1)
1057:             1             32  java.net.URL$1 (java.base@14.0.1)
1058:             2             32  java.nio.ByteOrder (java.base@14.0.1)
1059:             2             32  java.security.AllPermission (java.base@14.0.1)
1060:             1             32  java.util.LinkedList$ListItr (java.base@14.0.1)
1061:             1             32  java.util.Random (java.base@14.0.1)
1062:             2             32  java.util.ResourceBundle$SingleFormatControl (java.base@14.0.1)
1063:             1             32  java.util.ServiceLoader$ProviderSpliterator (java.base@14.0.1)
1064:             1             32  java.util.concurrent.ScheduledThreadPoolExecutor$DelayedWorkQueue (java.base@14.0.1)
1065:             1             32  java.util.concurrent.SynchronousQueue (java.base@14.0.1)
1066:             1             32  java.util.concurrent.ThreadLocalRandom (java.base@14.0.1)
1067:             1             32  java.util.concurrent.atomic.LongAdder (java.base@14.0.1)
1068:             2             32  java.util.jar.Attributes (java.base@14.0.1)
1069:             1             32  java.util.logging.Handler$1 (java.logging@14.0.1)
1070:             1             32  java.util.logging.LogManager$SystemLoggerContext (java.logging@14.0.1)
1071:             2             32  java.util.regex.Pattern$CharPredicate$$Lambda$19/0x0000000800b97040 (java.base@14.0.1)
1072:             2             32  javax.crypto.CryptoPolicyParser$GrantEntry (java.base@14.0.1)
1073:             1             32  javax.crypto.ProviderVerifier (java.base@14.0.1)
1074:             1             32  javax.crypto.SecretKeyFactory (java.base@14.0.1)
1075:             1             32  javax.crypto.spec.PBEKeySpec (java.base@14.0.1)
1076:             2             32  javax.management.NotificationFilterSupport (java.management@14.0.1)
1077:             1             32  javax.management.remote.JMXConnectorFactory$ProviderFinder (java.management@14.0.1)
1078:             1             32  jdk.internal.module.IllegalAccessLogger (java.base@14.0.1)
1079:             1             32  jdk.internal.module.IllegalAccessLogger$Builder (java.base@14.0.1)
1080:             2             32  jdk.internal.module.ModuleResolution (java.base@14.0.1)
1081:             1             32  jdk.internal.ref.CleanerImpl (java.base@14.0.1)
1082:             2             32  jdk.internal.vm.PostVMInitHook$1 (java.base@14.0.1)
1083:             1             32  jdk.management.jfr.FlightRecorderMXBeanImpl$MXBeanListener (jdk.management.jfr@14.0.1)
1084:             1             32  jdk.net.ExtendedSocketOptions$1 (jdk.net@14.0.1)
1085:             2             32  org.postgresql.Driver
1086:             1             32  org.postgresql.core.CommandCompleteParser
1087:             1             32  org.postgresql.core.PGStream$1
1088:             1             32  org.postgresql.core.v3.Portal
1089:             1             32  org.postgresql.hostchooser.GlobalHostStatusTracker$HostSpecStatus
1090:             1             32  org.postgresql.shaded.com.ongres.scram.client.ScramClient
1091:             1             32  org.postgresql.shaded.com.ongres.scram.client.ScramClient$PreBuilder2
1092:             1             32  org.postgresql.shaded.com.ongres.scram.common.message.ServerFirstMessage
1093:             1             32  sun.instrument.InstrumentationImpl (java.instrument@14.0.1)
1094:             2             32  sun.management.ManagementFactoryHelper$LoggingMXBeanAccess$1 (java.management@14.0.1)
1095:             2             32  sun.management.VMManagementImpl$1 (java.management@14.0.1)
1096:             1             32  sun.management.jmxremote.LocalRMIServerSocketFactory$1 (jdk.management.agent@14.0.1)
1097:             2             32  sun.nio.ch.FileChannelImpl$Closer (java.base@14.0.1)
1098:             2             32  sun.nio.ch.FileDispatcherImpl (java.base@14.0.1)
1099:             2             32  sun.rmi.server.UnicastRef2 (java.rmi@14.0.1)
1100:             2             32  sun.rmi.server.WeakClassHashMap$ValueCell (java.rmi@14.0.1)
1101:             1             32  sun.rmi.transport.DGCImpl$2$1 (java.rmi@14.0.1)
1102:             1             32  sun.rmi.transport.DGCImpl$LeaseInfo (java.rmi@14.0.1)
1103:             1             32  sun.rmi.transport.tcp.TCPTransport$AcceptLoop (java.rmi@14.0.1)
1104:             2             32  sun.util.resources.LocaleData (java.base@14.0.1)
1105:             2             32  sun.util.resources.cldr.provider.CLDRLocaleDataMetaInfo (jdk.localedata@14.0.1)
1106:             1             24  [Ljava.io.File$PathStatus; (java.base@14.0.1)
1107:             1             24  [Ljava.lang.ClassValue$Entry; (java.base@14.0.1)
1108:             1             24  [Ljava.lang.management.MemoryType; (java.management@14.0.1)
1109:             1             24  [Ljava.net.StandardProtocolFamily; (java.base@14.0.1)
1110:             1             24  [Ljava.time.chrono.IsoEra; (java.base@14.0.1)
1111:             1             24  [Ljava.util.jar.Manifest; (java.base@14.0.1)
1112:             1             24  [Lorg.postgresql.shaded.com.ongres.scram.common.stringprep.StringPreparations;
1113:             1             24  [Lorg.postgresql.util.HostSpec;
1114:             1             24  com.sun.crypto.provider.PBKDF2KeyImpl$$Lambda$70/0x0000000800bc7440 (java.base@14.0.1)
1115:             1             24  com.sun.crypto.provider.PBKDF2KeyImpl$1 (java.base@14.0.1)
1116:             1             24  com.sun.jmx.mbeanserver.ClassLoaderRepositorySupport (java.management@14.0.1)
1117:             1             24  com.sun.jmx.mbeanserver.JmxMBeanServer$1 (java.management@14.0.1)
1118:             1             24  com.sun.jmx.mbeanserver.MXBeanLookup (java.management@14.0.1)
1119:             1             24  com.sun.jmx.remote.internal.ArrayNotificationBuffer$3 (java.management@14.0.1)
1120:             1             24  com.sun.jmx.remote.internal.ArrayNotificationBuffer$ShareBuffer (java.management@14.0.1)
1121:             1             24  com.sun.management.internal.HotSpotThreadImpl (jdk.management@14.0.1)
1122:             1             24  com.sun.management.internal.OperatingSystemImpl (jdk.management@14.0.1)
1123:             1             24  com.sun.management.internal.PlatformMBeanProviderImpl$1 (jdk.management@14.0.1)
1124:             1             24  com.sun.management.internal.PlatformMBeanProviderImpl$2 (jdk.management@14.0.1)
1125:             1             24  com.sun.management.internal.PlatformMBeanProviderImpl$3 (jdk.management@14.0.1)
1126:             1             24  com.sun.management.internal.PlatformMBeanProviderImpl$4 (jdk.management@14.0.1)
1127:             1             24  com.sun.management.internal.PlatformMBeanProviderImpl$5 (jdk.management@14.0.1)
1128:             1             24  com.sun.security.sasl.gsskerb.JdkSASL$1 (jdk.security.jgss@14.0.1)
1129:             1             24  java.lang.ClassValue$Version (java.base@14.0.1)
1130:             1             24  java.lang.Double (java.base@14.0.1)
1131:             1             24  java.lang.invoke.MethodType$ConcurrentWeakInternSet (java.base@14.0.1)
1132:             1             24  java.lang.invoke.VarHandles$1 (java.base@14.0.1)
1133:             1             24  java.lang.management.DefaultPlatformMBeanProvider$1 (java.management@14.0.1)
1134:             1             24  java.lang.management.DefaultPlatformMBeanProvider$10 (java.management@14.0.1)
1135:             1             24  java.lang.management.DefaultPlatformMBeanProvider$11 (java.management@14.0.1)
1136:             1             24  java.lang.management.DefaultPlatformMBeanProvider$2 (java.management@14.0.1)
1137:             1             24  java.lang.management.DefaultPlatformMBeanProvider$3 (java.management@14.0.1)
1138:             1             24  java.lang.management.DefaultPlatformMBeanProvider$4 (java.management@14.0.1)
1139:             1             24  java.lang.management.DefaultPlatformMBeanProvider$5 (java.management@14.0.1)
1140:             1             24  java.lang.management.DefaultPlatformMBeanProvider$6 (java.management@14.0.1)
1141:             1             24  java.lang.management.DefaultPlatformMBeanProvider$7 (java.management@14.0.1)
1142:             1             24  java.lang.management.DefaultPlatformMBeanProvider$8 (java.management@14.0.1)
1143:             1             24  java.lang.management.DefaultPlatformMBeanProvider$9 (java.management@14.0.1)
1144:             1             24  java.net.Inet4AddressImpl (java.base@14.0.1)
1145:             1             24  java.net.Inet6AddressImpl (java.base@14.0.1)
1146:             1             24  java.net.Proxy (java.base@14.0.1)
1147:             1             24  java.net.SocketPermissionCollection (java.base@14.0.1)
1148:             1             24  java.net.SocketPermissionCollection$1 (java.base@14.0.1)
1149:             1             24  java.sql.DriverInfo (java.sql@14.0.1)
1150:             1             24  java.util.Collections$EmptyMap (java.base@14.0.1)
1151:             1             24  java.util.Collections$SynchronizedCollection (java.base@14.0.1)
1152:             1             24  java.util.ImmutableCollections$MapN$MapNIterator (java.base@14.0.1)
1153:             1             24  java.util.Locale$Cache (java.base@14.0.1)
1154:             1             24  java.util.ResourceBundle$Control$CandidateListCache (java.base@14.0.1)
1155:             1             24  java.util.Scanner$PatternLRUCache (java.base@14.0.1)
1156:             1             24  java.util.concurrent.locks.ReentrantReadWriteLock (java.base@14.0.1)
1157:             1             24  java.util.concurrent.locks.ReentrantReadWriteLock$Sync$HoldCounter (java.base@14.0.1)
1158:             1             24  java.util.logging.LogManager$2 (java.logging@14.0.1)
1159:             1             24  java.util.logging.LogManager$LoggerContext (java.logging@14.0.1)
1160:             1             24  java.util.logging.StreamHandler$1 (java.logging@14.0.1)
1161:             1             24  java.util.regex.Pattern$$Lambda$18/0x0000000800b96840 (java.base@14.0.1)
1162:             1             24  java.util.regex.Pattern$CharPredicate$$Lambda$20/0x0000000800b97440 (java.base@14.0.1)
1163:             1             24  java.util.stream.ForEachOps$ForEachOp$OfRef (java.base@14.0.1)
1164:             1             24  java.util.stream.ReduceOps$2 (java.base@14.0.1)
1165:             1             24  java.util.stream.ReduceOps$2ReducingSink (java.base@14.0.1)
1166:             1             24  java.util.zip.ZipCoder$UTF8 (java.base@14.0.1)
1167:             1             24  javax.management.MBeanInfo$ArrayGettersSafeAction (java.management@14.0.1)
1168:             1             24  javax.management.remote.JMXConnectorServerFactory$$Lambda$91/0x0000000800bdac40 (java.management@14.0.1)
1169:             1             24  javax.management.remote.rmi.RMIConnectionImpl$2 (java.management.rmi@14.0.1)
1170:             1             24  javax.management.remote.rmi.RMIConnectionImpl$3 (java.management.rmi@14.0.1)
1171:             1             24  jdk.internal.jimage.ImageReader (java.base@14.0.1)
1172:             1             24  jdk.internal.loader.URLClassPath$FileLoader (java.base@14.0.1)
1173:             1             24  jdk.internal.logger.BootstrapLogger$RedirectedLoggers (java.base@14.0.1)
1174:             1             24  jdk.internal.misc.InnocuousThread$2 (java.base@14.0.1)
1175:             1             24  jdk.internal.module.ModuleBootstrap$SafeModuleFinder (java.base@14.0.1)
1176:             1             24  jdk.internal.module.ModuleHashes (java.base@14.0.1)
1177:             1             24  jdk.internal.module.ModuleHashes$Builder (java.base@14.0.1)
1178:             1             24  jdk.internal.module.SystemModuleFinders$SystemModuleFinder (java.base@14.0.1)
1179:             1             24  jdk.internal.ref.CleanerFactory$1$1 (java.base@14.0.1)
1180:             1             24  jdk.jfr.FlightRecorderPermission (jdk.jfr@14.0.1)
1181:             1             24  jdk.jfr.internal.SecuritySupport$SecureRecorderListener (jdk.jfr@14.0.1)
1182:             1             24  jdk.management.jfr.FlightRecorderMXBeanImpl$4 (jdk.management.jfr@14.0.1)
1183:             1             24  jdk.management.jfr.StreamManager (jdk.management.jfr@14.0.1)
1184:             1             24  jdk.management.jfr.internal.FlightRecorderMXBeanProvider$SingleMBeanComponent (jdk.management.jfr@14.0.1)
1185:             1             24  org.jcp.xml.dsig.internal.dom.XMLDSigRI$2 (java.xml.crypto@14.0.1)
1186:             1             24  org.postgresql.core.Encoding
1187:             1             24  org.postgresql.core.v3.replication.V3ReplicationProtocol
1188:             1             24  org.postgresql.hostchooser.CandidateHost
1189:             1             24  org.postgresql.hostchooser.HostRequirement$1
1190:             1             24  org.postgresql.hostchooser.HostRequirement$2
1191:             1             24  org.postgresql.hostchooser.HostRequirement$3
1192:             1             24  org.postgresql.hostchooser.HostRequirement$4
1193:             1             24  org.postgresql.hostchooser.HostRequirement$5
1194:             1             24  org.postgresql.jre7.sasl.ScramAuthenticator$1
1195:             1             24  org.postgresql.jre7.sasl.ScramAuthenticator$2
1196:             1             24  org.postgresql.shaded.com.ongres.scram.client.ScramSession$ServerFirstProcessor
1197:             1             24  org.postgresql.shaded.com.ongres.scram.common.bouncycastle.base64.Base64Encoder
1198:             1             24  org.postgresql.shaded.com.ongres.scram.common.gssapi.Gs2AttributeValue
1199:             1             24  org.postgresql.shaded.com.ongres.scram.common.gssapi.Gs2Header
1200:             1             24  org.postgresql.shaded.com.ongres.scram.common.message.ClientFinalMessage
1201:             1             24  org.postgresql.shaded.com.ongres.scram.common.message.ClientFirstMessage
1202:             1             24  org.postgresql.shaded.com.ongres.scram.common.message.ServerFinalMessage
1203:             1             24  org.postgresql.shaded.com.ongres.scram.common.stringprep.StringPreparations$1
1204:             1             24  org.postgresql.shaded.com.ongres.scram.common.stringprep.StringPreparations$2
1205:             1             24  org.postgresql.util.HostSpec
1206:             1             24  org.postgresql.util.SharedTimer
1207:             1             24  sun.instrument.InstrumentationImpl$1 (java.instrument@14.0.1)
1208:             1             24  sun.instrument.TransformerManager (java.instrument@14.0.1)
1209:             1             24  sun.management.CompilationImpl (java.management@14.0.1)
1210:             1             24  sun.management.ManagementFactoryHelper$LoggingMXBeanAccess (java.management@14.0.1)
1211:             1             24  sun.management.ManagementFactoryHelper$PlatformLoggingImpl (java.management@14.0.1)
1212:             1             24  sun.management.MemoryImpl (java.management@14.0.1)
1213:             1             24  sun.management.RuntimeImpl (java.management@14.0.1)
1214:             1             24  sun.management.VMManagementImpl (java.management@14.0.1)
1215:             1             24  sun.net.ProgressMonitor (java.base@14.0.1)
1216:             1             24  sun.net.www.protocol.http.Handler (java.base@14.0.1)
1217:             1             24  sun.net.www.protocol.jar.JarURLConnection$JarURLInputStream (java.base@14.0.1)
1218:             1             24  sun.nio.cs.ISO_8859_1 (java.base@14.0.1)
1219:             1             24  sun.nio.cs.MS1251 (java.base@14.0.1)
1220:             1             24  sun.nio.cs.StandardCharsets (java.base@14.0.1)
1221:             1             24  sun.nio.cs.ThreadLocalCoders$1 (java.base@14.0.1)
1222:             1             24  sun.nio.cs.ThreadLocalCoders$2 (java.base@14.0.1)
1223:             1             24  sun.nio.cs.US_ASCII (java.base@14.0.1)
1224:             1             24  sun.nio.cs.UTF_16 (java.base@14.0.1)
1225:             1             24  sun.nio.cs.UTF_16BE (java.base@14.0.1)
1226:             1             24  sun.nio.cs.UTF_16LE (java.base@14.0.1)
1227:             1             24  sun.nio.cs.UTF_8 (java.base@14.0.1)
1228:             1             24  sun.nio.fs.WindowsFileSystem (java.base@14.0.1)
1229:             1             24  sun.nio.fs.WindowsFileSystem$2 (java.base@14.0.1)
1230:             1             24  sun.nio.fs.WindowsSecurityDescriptor (java.base@14.0.1)
1231:             1             24  sun.rmi.runtime.RuntimeUtil$1 (java.rmi@14.0.1)
1232:             1             24  sun.rmi.transport.DGCAckHandler (java.rmi@14.0.1)
1233:             1             24  sun.rmi.transport.DGCImpl (java.rmi@14.0.1)
1234:             1             24  sun.security.mscapi.SunMSCAPI$2 (jdk.crypto.mscapi@14.0.1)
1235:             1             24  sun.security.smartcardio.SunPCSC$1 (java.smartcardio@14.0.1)
1236:             1             24  sun.util.cldr.CLDRCalendarDataProviderImpl (java.base@14.0.1)
1237:             1             24  sun.util.cldr.CLDRTimeZoneNameProviderImpl (java.base@14.0.1)
1238:             1             24  sun.util.locale.BaseLocale$Cache (java.base@14.0.1)
1239:             1             24  sun.util.locale.provider.DecimalFormatSymbolsProviderImpl (java.base@14.0.1)
1240:             1             24  sun.util.locale.provider.NumberFormatProviderImpl (java.base@14.0.1)
1241:             1             24  sun.util.locale.provider.TimeZoneNameProviderImpl (java.base@14.0.1)
1242:             1             16  [Ljava.lang.Throwable; (java.base@14.0.1)
1243:             1             16  [Ljava.nio.file.Path; (java.base@14.0.1)
1244:             1             16  [Ljava.security.Provider; (java.base@14.0.1)
1245:             1             16  [Ljava.security.cert.Certificate; (java.base@14.0.1)
1246:             1             16  [Ljava.text.FieldPosition; (java.base@14.0.1)
1247:             1             16  [Ljava.util.logging.Handler; (java.logging@14.0.1)
1248:             1             16  [Lorg.postgresql.core.Field;
1249:             1             16  [Lsun.instrument.TransformerManager$TransformerInfo; (java.instrument@14.0.1)
1250:             1             16  com.sun.crypto.provider.PBKDF2Core$HmacSHA256 (java.base@14.0.1)
1251:             1             16  com.sun.jmx.interceptor.DefaultMBeanServerInterceptor$ResourceContext$1 (java.management@14.0.1)
1252:             1             16  com.sun.jmx.mbeanserver.DefaultMXBeanMappingFactory (java.management@14.0.1)
1253:             1             16  com.sun.jmx.mbeanserver.DescriptorCache (java.management@14.0.1)
1254:             1             16  com.sun.jmx.mbeanserver.JmxMBeanServer$2 (java.management@14.0.1)
1255:             1             16  com.sun.jmx.mbeanserver.JmxMBeanServer$3 (java.management@14.0.1)
1256:             1             16  com.sun.jmx.mbeanserver.MBeanAnalyzer$MethodOrder (java.management@14.0.1)
1257:             1             16  com.sun.jmx.mbeanserver.MBeanInstantiator (java.management@14.0.1)
1258:             1             16  com.sun.jmx.mbeanserver.MXBeanIntrospector (java.management@14.0.1)
1259:             1             16  com.sun.jmx.mbeanserver.SecureClassLoaderRepository (java.management@14.0.1)
1260:             1             16  com.sun.jmx.remote.internal.ArrayNotificationBuffer$5 (java.management@14.0.1)
1261:             1             16  com.sun.jmx.remote.internal.ArrayNotificationBuffer$BroadcasterQuery (java.management@14.0.1)
1262:             1             16  com.sun.jmx.remote.internal.ArrayNotificationBuffer$BufferListener (java.management@14.0.1)
1263:             1             16  com.sun.jmx.remote.internal.ServerCommunicatorAdmin$Timeout (java.management@14.0.1)
1264:             1             16  com.sun.jmx.remote.internal.ServerNotifForwarder$NotifForwarderBufferFilter (java.management@14.0.1)
1265:             1             16  com.sun.jmx.remote.protocol.rmi.ServerProvider (java.management.rmi@14.0.1)
1266:             1             16  com.sun.jmx.remote.security.SubjectDelegator (java.management@14.0.1)
1267:             1             16  com.sun.management.internal.HotSpotDiagnostic (jdk.management@14.0.1)
1268:             1             16  com.sun.management.internal.PlatformMBeanProviderImpl (jdk.management@14.0.1)
1269:             1             16  com.sun.management.internal.PlatformMBeanProviderImpl$$Lambda$47/0x0000000800baf040 (jdk.management@14.0.1)
1270:             1             16  com.sun.proxy.$Proxy0
1271:             1             16  java.io.FileDescriptor$1 (java.base@14.0.1)
1272:             1             16  java.io.FilePermission$1 (java.base@14.0.1)
1273:             1             16  java.io.ObjectInputFilter$Config$$Lambda$92/0x0000000800bda040 (java.base@14.0.1)
1274:             1             16  java.io.ObjectInputFilter$Config$$Lambda$93/0x0000000800bda440 (java.base@14.0.1)
1275:             1             16  java.io.ObjectInputFilter$Config$Global$$Lambda$94/0x0000000800bd9840 (java.base@14.0.1)
1276:             1             16  java.io.ObjectInputFilter$Config$Global$$Lambda$95/0x0000000800bd9c40 (java.base@14.0.1)
1277:             1             16  java.io.ObjectInputStream$$Lambda$123/0x0000000800c02440 (java.base@14.0.1)
1278:             1             16  java.io.ObjectInputStream$$Lambda$124/0x0000000800c20040 (java.base@14.0.1)
1279:             1             16  java.io.RandomAccessFile$2 (java.base@14.0.1)
1280:             1             16  java.lang.ApplicationShutdownHooks$1 (java.base@14.0.1)
1281:             1             16  java.lang.CharacterData00 (java.base@14.0.1)
1282:             1             16  java.lang.CharacterDataLatin1 (java.base@14.0.1)
1283:             1             16  java.lang.Class$$Lambda$85/0x0000000800bdc440 (java.base@14.0.1)
1284:             1             16  java.lang.ClassValue$Identity (java.base@14.0.1)
1285:             1             16  java.lang.Float (java.base@14.0.1)
1286:             1             16  java.lang.Module$$Lambda$132/0x0000000800c35c40 (java.base@14.0.1)
1287:             1             16  java.lang.ModuleLayer$$Lambda$39/0x0000000800b9e440 (java.base@14.0.1)
1288:             1             16  java.lang.ModuleLayer$Controller (java.base@14.0.1)
1289:             1             16  java.lang.Runtime (java.base@14.0.1)
1290:             1             16  java.lang.String$CaseInsensitiveComparator (java.base@14.0.1)
1291:             1             16  java.lang.StringCoding$1 (java.base@14.0.1)
1292:             1             16  java.lang.System$2 (java.base@14.0.1)
1293:             1             16  java.lang.System$LoggerFinder$$Lambda$77/0x0000000800bc3440 (java.base@14.0.1)
1294:             1             16  java.lang.Terminator$1 (java.base@14.0.1)
1295:             1             16  java.lang.invoke.ClassSpecializer$1 (java.base@14.0.1)
1296:             1             16  java.lang.invoke.LambdaFormEditor$1 (java.base@14.0.1)
1297:             1             16  java.lang.invoke.MemberName$Factory (java.base@14.0.1)
1298:             1             16  java.lang.invoke.MethodHandleImpl$1 (java.base@14.0.1)
1299:             1             16  java.lang.invoke.StringConcatFactory$MethodHandleInlineCopyStrategy$1 (java.base@14.0.1)
1300:             1             16  java.lang.invoke.StringConcatFactory$MethodHandleInlineCopyStrategy$2 (java.base@14.0.1)
1301:             1             16  java.lang.invoke.VarHandle$1 (java.base@14.0.1)
1302:             1             16  java.lang.management.DefaultPlatformMBeanProvider (java.management@14.0.1)
1303:             1             16  java.lang.management.DefaultPlatformMBeanProvider$10$$Lambda$84/0x0000000800bdc040 (java.management@14.0.1)
1304:             1             16  java.lang.management.DefaultPlatformMBeanProvider$5$$Lambda$82/0x0000000800bde840 (java.management@14.0.1)
1305:             1             16  java.lang.management.DefaultPlatformMBeanProvider$5$$Lambda$83/0x0000000800bdec40 (java.management@14.0.1)
1306:             1             16  java.lang.management.ManagementFactory$$Lambda$44/0x0000000800ba9c40 (java.management@14.0.1)
1307:             1             16  java.lang.management.ManagementFactory$$Lambda$78/0x0000000800bc2c40 (java.management@14.0.1)
1308:             1             16  java.lang.management.ManagementFactory$$Lambda$79/0x0000000800bc2040 (java.management@14.0.1)
1309:             1             16  java.lang.management.ManagementFactory$$Lambda$80/0x0000000800bc2440 (java.management@14.0.1)
1310:             1             16  java.lang.management.ManagementFactory$PlatformMBeanFinder$$Lambda$45/0x0000000800baf840 (java.management@14.0.1)
1311:             1             16  java.lang.management.ManagementFactory$PlatformMBeanFinder$$Lambda$46/0x0000000800bafc40 (java.management@14.0.1)
1312:             1             16  java.lang.management.ManagementFactory$PlatformMBeanFinder$$Lambda$48/0x0000000800baf440 (java.management@14.0.1)
1313:             1             16  java.lang.management.ManagementFactory$PlatformMBeanFinder$$Lambda$49/0x0000000800bae840 (java.management@14.0.1)
1314:             1             16  java.lang.management.ManagementFactory$PlatformMBeanFinder$$Lambda$51/0x0000000800bae440 (java.management@14.0.1)
1315:             1             16  java.lang.management.ManagementFactory$PlatformMBeanFinder$$Lambda$55/0x0000000800bac840 (java.management@14.0.1)
1316:             1             16  java.lang.management.ManagementFactory$PlatformMBeanFinder$$Lambda$56/0x0000000800bacc40 (java.management@14.0.1)
1317:             1             16  java.lang.management.ManagementFactory$PlatformMBeanFinder$$Lambda$57/0x0000000800bac040 (java.management@14.0.1)
1318:             1             16  java.lang.management.ManagementFactory$PlatformMBeanFinder$$Lambda$58/0x0000000800bac440 (java.management@14.0.1)
1319:             1             16  java.lang.module.ModuleDescriptor$1 (java.base@14.0.1)
1320:             1             16  java.lang.module.ModuleFinder$1 (java.base@14.0.1)
1321:             1             16  java.lang.ref.Cleaner (java.base@14.0.1)
1322:             1             16  java.lang.ref.Cleaner$1 (java.base@14.0.1)
1323:             1             16  java.lang.ref.Reference$1 (java.base@14.0.1)
1324:             1             16  java.lang.reflect.Proxy$$Lambda$40/0x0000000800ba8c40 (java.base@14.0.1)
1325:             1             16  java.lang.reflect.ProxyGenerator$$Lambda$42/0x0000000800ba9440 (java.base@14.0.1)
1326:             1             16  java.lang.reflect.ProxyGenerator$$Lambda$43/0x0000000800ba9840 (java.base@14.0.1)
1327:             1             16  java.lang.reflect.ReflectAccess (java.base@14.0.1)
1328:             1             16  java.net.InetAddress$1 (java.base@14.0.1)
1329:             1             16  java.net.InetAddress$PlatformNameService (java.base@14.0.1)
1330:             1             16  java.net.SocketImpl$$Lambda$14/0x0000000800b95040 (java.base@14.0.1)
1331:             1             16  java.net.URI$1 (java.base@14.0.1)
1332:             1             16  java.net.URL$2 (java.base@14.0.1)
1333:             1             16  java.net.URL$3 (java.base@14.0.1)
1334:             1             16  java.net.URL$DefaultFactory (java.base@14.0.1)
1335:             1             16  java.nio.Bits$1 (java.base@14.0.1)
1336:             1             16  java.nio.Buffer$1 (java.base@14.0.1)
1337:             1             16  java.nio.file.FileSystems$DefaultFileSystemHolder$1 (java.base@14.0.1)
1338:             1             16  java.nio.file.Files$1 (java.base@14.0.1)
1339:             1             16  java.nio.file.Files$AcceptAllFilter (java.base@14.0.1)
1340:             1             16  java.rmi.server.ObjID$$Lambda$104/0x0000000800c07840 (java.rmi@14.0.1)
1341:             1             16  java.rmi.server.RMIClassLoader$1 (java.rmi@14.0.1)
1342:             1             16  java.rmi.server.RMIClassLoader$2 (java.rmi@14.0.1)
1343:             1             16  java.security.ProtectionDomain$JavaSecurityAccessImpl (java.base@14.0.1)
1344:             1             16  java.security.Security$1 (java.base@14.0.1)
1345:             1             16  java.sql.DriverManager$1 (java.sql@14.0.1)
1346:             1             16  java.sql.DriverManager$2 (java.sql@14.0.1)
1347:             1             16  java.text.DecimalFormatSymbols$$Lambda$30/0x0000000800b9a440 (java.base@14.0.1)
1348:             1             16  java.util.Collections$EmptyEnumeration (java.base@14.0.1)
1349:             1             16  java.util.Collections$EmptyIterator (java.base@14.0.1)
1350:             1             16  java.util.Collections$EmptyList (java.base@14.0.1)
1351:             1             16  java.util.Collections$EmptySet (java.base@14.0.1)
1352:             1             16  java.util.Collections$UnmodifiableCollection (java.base@14.0.1)
1353:             1             16  java.util.EnumMap$1 (java.base@14.0.1)
1354:             1             16  java.util.Hashtable$EntrySet (java.base@14.0.1)
1355:             1             16  java.util.IdentityHashMap$Values (java.base@14.0.1)
1356:             1             16  java.util.ImmutableCollections$MapN$1 (java.base@14.0.1)
1357:             1             16  java.util.Locale$Builder (java.base@14.0.1)
1358:             1             16  java.util.ResourceBundle$1 (java.base@14.0.1)
1359:             1             16  java.util.ResourceBundle$Control (java.base@14.0.1)
1360:             1             16  java.util.Spliterators$EmptySpliterator$OfDouble (java.base@14.0.1)
1361:             1             16  java.util.Spliterators$EmptySpliterator$OfInt (java.base@14.0.1)
1362:             1             16  java.util.Spliterators$EmptySpliterator$OfLong (java.base@14.0.1)
1363:             1             16  java.util.Spliterators$EmptySpliterator$OfRef (java.base@14.0.1)
1364:             1             16  java.util.concurrent.ConcurrentSkipListMap$KeySet (java.base@14.0.1)
1365:             1             16  java.util.concurrent.ConcurrentSkipListSet (java.base@14.0.1)
1366:             1             16  java.util.concurrent.ForkJoinPool$1 (java.base@14.0.1)
1367:             1             16  java.util.concurrent.ForkJoinPool$DefaultForkJoinWorkerThreadFactory (java.base@14.0.1)
1368:             1             16  java.util.concurrent.SynchronousQueue$TransferStack (java.base@14.0.1)
1369:             1             16  java.util.concurrent.ThreadPoolExecutor$AbortPolicy (java.base@14.0.1)
1370:             1             16  java.util.concurrent.atomic.AtomicBoolean (java.base@14.0.1)
1371:             1             16  java.util.concurrent.atomic.Striped64$1 (java.base@14.0.1)
1372:             1             16  java.util.concurrent.locks.ReentrantReadWriteLock$ReadLock (java.base@14.0.1)
1373:             1             16  java.util.concurrent.locks.ReentrantReadWriteLock$Sync$ThreadLocalHoldCounter (java.base@14.0.1)
1374:             1             16  java.util.concurrent.locks.ReentrantReadWriteLock$WriteLock (java.base@14.0.1)
1375:             1             16  java.util.function.Function$$Lambda$50/0x0000000800baec40 (java.base@14.0.1)
1376:             1             16  java.util.jar.JavaUtilJarAccessImpl (java.base@14.0.1)
1377:             1             16  java.util.logging.ErrorManager (java.logging@14.0.1)
1378:             1             16  java.util.logging.Level$$Lambda$37/0x0000000800b9ec40 (java.logging@14.0.1)
1379:             1             16  java.util.logging.Level$KnownLevel$$Lambda$35/0x0000000800b9f040 (java.logging@14.0.1)
1380:             1             16  java.util.logging.Level$KnownLevel$$Lambda$36/0x0000000800b9f440 (java.logging@14.0.1)
1381:             1             16  java.util.logging.Level$KnownLevel$$Lambda$38/0x0000000800b9e040 (java.logging@14.0.1)
1382:             1             16  java.util.logging.LogManager$1 (java.logging@14.0.1)
1383:             1             16  java.util.logging.LogManager$LoggingProviderAccess (java.logging@14.0.1)
1384:             1             16  java.util.logging.LogManager$VisitedLoggers (java.logging@14.0.1)
1385:             1             16  java.util.logging.Logger$SystemLoggerHelper$1 (java.logging@14.0.1)
1386:             1             16  java.util.logging.Logging (java.logging@14.0.1)
1387:             1             16  java.util.logging.SimpleFormatter (java.logging@14.0.1)
1388:             1             16  java.util.logging.SimpleFormatter$$Lambda$98/0x0000000800c00840 (java.logging@14.0.1)
1389:             1             16  java.util.regex.CharPredicates$$Lambda$15/0x0000000800b95440 (java.base@14.0.1)
1390:             1             16  java.util.regex.CharPredicates$$Lambda$17/0x0000000800b96440 (java.base@14.0.1)
1391:             1             16  java.util.regex.Pattern$$Lambda$16/0x0000000800b96040 (java.base@14.0.1)
1392:             1             16  java.util.regex.Pattern$$Lambda$72/0x0000000800bc4040 (java.base@14.0.1)
1393:             1             16  java.util.regex.Pattern$Begin (java.base@14.0.1)
1394:             1             16  java.util.regex.Pattern$LastNode (java.base@14.0.1)
1395:             1             16  java.util.regex.Pattern$Node (java.base@14.0.1)
1396:             1             16  java.util.stream.Collectors$$Lambda$25/0x0000000800b99040 (java.base@14.0.1)
1397:             1             16  java.util.stream.Collectors$$Lambda$27/0x0000000800b99840 (java.base@14.0.1)
1398:             1             16  java.util.stream.Collectors$$Lambda$5/0x0000000800b91440 (java.base@14.0.1)
1399:             1             16  java.util.stream.Collectors$$Lambda$52/0x0000000800bad840 (java.base@14.0.1)
1400:             1             16  java.util.stream.Collectors$$Lambda$6/0x0000000800b91840 (java.base@14.0.1)
1401:             1             16  java.util.stream.Collectors$$Lambda$61/0x0000000800bab040 (java.base@14.0.1)
1402:             1             16  java.util.stream.Collectors$$Lambda$62/0x0000000800bab440 (java.base@14.0.1)
1403:             1             16  java.util.stream.Collectors$$Lambda$63/0x0000000800baa840 (java.base@14.0.1)
1404:             1             16  java.util.stream.Collectors$$Lambda$7/0x0000000800b91c40 (java.base@14.0.1)
1405:             1             16  java.util.stream.Collectors$$Lambda$8/0x0000000800b92040 (java.base@14.0.1)
1406:             1             16  java.util.stream.Collectors$$Lambda$87/0x0000000800bdbc40 (java.base@14.0.1)
1407:             1             16  java.util.stream.Collectors$$Lambda$88/0x0000000800bdb040 (java.base@14.0.1)
1408:             1             16  java.util.stream.Collectors$$Lambda$89/0x0000000800bdb440 (java.base@14.0.1)
1409:             1             16  java.util.stream.FindOps$FindSink$OfInt$$Lambda$31/0x0000000800b9a840 (java.base@14.0.1)
1410:             1             16  java.util.stream.FindOps$FindSink$OfInt$$Lambda$32/0x0000000800b9ac40 (java.base@14.0.1)
1411:             1             16  java.util.stream.FindOps$FindSink$OfInt$$Lambda$33/0x0000000800b9b040 (java.base@14.0.1)
1412:             1             16  java.util.stream.FindOps$FindSink$OfInt$$Lambda$34/0x0000000800b9b440 (java.base@14.0.1)
1413:             1             16  java.util.stream.FindOps$FindSink$OfRef$$Lambda$10/0x0000000800b92840 (java.base@14.0.1)
1414:             1             16  java.util.stream.FindOps$FindSink$OfRef$$Lambda$11/0x0000000800b92c40 (java.base@14.0.1)
1415:             1             16  java.util.stream.FindOps$FindSink$OfRef$$Lambda$12/0x0000000800b93040 (java.base@14.0.1)
1416:             1             16  java.util.stream.FindOps$FindSink$OfRef$$Lambda$13/0x0000000800b93440 (java.base@14.0.1)
1417:             1             16  java.util.zip.ZipFile$1 (java.base@14.0.1)
1418:             1             16  javax.crypto.JceSecurity$1 (java.base@14.0.1)
1419:             1             16  javax.crypto.JceSecurity$2 (java.base@14.0.1)
1420:             1             16  javax.crypto.ProviderVerifier$$Lambda$69/0x0000000800bc7040 (java.base@14.0.1)
1421:             1             16  javax.crypto.ProviderVerifier$1 (java.base@14.0.1)
1422:             1             16  javax.management.JMX (java.management@14.0.1)
1423:             1             16  javax.management.MBeanServerBuilder (java.management@14.0.1)
1424:             1             16  javax.management.NotificationBroadcasterSupport$1 (java.management@14.0.1)
1425:             1             16  javax.management.StandardMBean$MBeanInfoSafeAction (java.management@14.0.1)
1426:             1             16  javax.management.remote.JMXConnectorFactory$1 (java.management@14.0.1)
1427:             1             16  javax.management.remote.JMXConnectorServerFactory$$Lambda$90/0x0000000800bda840 (java.management@14.0.1)
1428:             1             16  javax.management.remote.rmi.RMIConnectionImpl$1 (java.management.rmi@14.0.1)
1429:             1             16  javax.management.remote.rmi.RMIConnectionImpl_Stub (java.management.rmi@14.0.1)
1430:             1             16  javax.management.remote.rmi.RMIServerImpl_Stub (java.management.rmi@14.0.1)
1431:             1             16  javax.net.DefaultSocketFactory (java.base@14.0.1)
1432:             1             16  jdk.internal.jimage.ImageReaderFactory$1 (java.base@14.0.1)
1433:             1             16  jdk.internal.jimage.ImageStringsReader (java.base@14.0.1)
1434:             1             16  jdk.internal.jimage.NativeImageBuffer$1 (java.base@14.0.1)
1435:             1             16  jdk.internal.jimage.decompressor.Decompressor (java.base@14.0.1)
1436:             1             16  jdk.internal.logger.BootstrapLogger$DetectBackend$1 (java.base@14.0.1)
1437:             1             16  jdk.internal.logger.LazyLoggers$1 (java.base@14.0.1)
1438:             1             16  jdk.internal.logger.LazyLoggers$LazyLoggerFactories (java.base@14.0.1)
1439:             1             16  jdk.internal.math.FloatingDecimal$1 (java.base@14.0.1)
1440:             1             16  jdk.internal.misc.InnocuousThread$3 (java.base@14.0.1)
1441:             1             16  jdk.internal.misc.TerminatingThreadLocal$1 (java.base@14.0.1)
1442:             1             16  jdk.internal.misc.Unsafe (java.base@14.0.1)
1443:             1             16  jdk.internal.module.DefaultRoots$$Lambda$1/0x0000000800b90040 (java.base@14.0.1)
1444:             1             16  jdk.internal.module.DefaultRoots$$Lambda$2/0x0000000800b90840 (java.base@14.0.1)
1445:             1             16  jdk.internal.module.DefaultRoots$$Lambda$3/0x0000000800b90c40 (java.base@14.0.1)
1446:             1             16  jdk.internal.module.DefaultRoots$$Lambda$4/0x0000000800b91040 (java.base@14.0.1)
1447:             1             16  jdk.internal.module.DefaultRoots$$Lambda$9/0x0000000800b92440 (java.base@14.0.1)
1448:             1             16  jdk.internal.module.ModuleLoaderMap$Mapper (java.base@14.0.1)
1449:             1             16  jdk.internal.module.ModulePatcher (java.base@14.0.1)
1450:             1             16  jdk.internal.module.ModuleTarget (java.base@14.0.1)
1451:             1             16  jdk.internal.module.SystemModuleFinders$SystemModuleReader$$Lambda$135/0x0000000800c34840 (java.base@14.0.1)
1452:             1             16  jdk.internal.module.SystemModules$all (java.base@14.0.1)
1453:             1             16  jdk.internal.perf.Perf (java.base@14.0.1)
1454:             1             16  jdk.internal.perf.Perf$GetPerfAction (java.base@14.0.1)
1455:             1             16  jdk.internal.ref.CleanerFactory$1 (java.base@14.0.1)
1456:             1             16  jdk.internal.reflect.GeneratedConstructorAccessor1 (java.base@14.0.1)
1457:             1             16  jdk.internal.reflect.GeneratedConstructorAccessor2 (java.base@14.0.1)
1458:             1             16  jdk.internal.reflect.GeneratedConstructorAccessor3 (java.base@14.0.1)
1459:             1             16  jdk.internal.reflect.GeneratedMethodAccessor1 (java.base@14.0.1)
1460:             1             16  jdk.internal.reflect.GeneratedMethodAccessor10 (java.base@14.0.1)
1461:             1             16  jdk.internal.reflect.GeneratedMethodAccessor11 (java.base@14.0.1)
1462:             1             16  jdk.internal.reflect.GeneratedMethodAccessor12 (java.base@14.0.1)
1463:             1             16  jdk.internal.reflect.GeneratedMethodAccessor13 (java.base@14.0.1)
1464:             1             16  jdk.internal.reflect.GeneratedMethodAccessor14 (java.base@14.0.1)
1465:             1             16  jdk.internal.reflect.GeneratedMethodAccessor15 (java.base@14.0.1)
1466:             1             16  jdk.internal.reflect.GeneratedMethodAccessor16 (java.base@14.0.1)
1467:             1             16  jdk.internal.reflect.GeneratedMethodAccessor17 (java.base@14.0.1)
1468:             1             16  jdk.internal.reflect.GeneratedMethodAccessor18 (java.base@14.0.1)
1469:             1             16  jdk.internal.reflect.GeneratedMethodAccessor19 (java.base@14.0.1)
1470:             1             16  jdk.internal.reflect.GeneratedMethodAccessor2 (java.base@14.0.1)
1471:             1             16  jdk.internal.reflect.GeneratedMethodAccessor20 (java.base@14.0.1)
1472:             1             16  jdk.internal.reflect.GeneratedMethodAccessor21 (java.base@14.0.1)
1473:             1             16  jdk.internal.reflect.GeneratedMethodAccessor22 (java.base@14.0.1)
1474:             1             16  jdk.internal.reflect.GeneratedMethodAccessor23 (java.base@14.0.1)
1475:             1             16  jdk.internal.reflect.GeneratedMethodAccessor24 (java.base@14.0.1)
1476:             1             16  jdk.internal.reflect.GeneratedMethodAccessor25 (java.base@14.0.1)
1477:             1             16  jdk.internal.reflect.GeneratedMethodAccessor26 (java.base@14.0.1)
1478:             1             16  jdk.internal.reflect.GeneratedMethodAccessor27 (java.base@14.0.1)
1479:             1             16  jdk.internal.reflect.GeneratedMethodAccessor28 (java.base@14.0.1)
1480:             1             16  jdk.internal.reflect.GeneratedMethodAccessor29 (java.base@14.0.1)
1481:             1             16  jdk.internal.reflect.GeneratedMethodAccessor3 (java.base@14.0.1)
1482:             1             16  jdk.internal.reflect.GeneratedMethodAccessor30 (java.base@14.0.1)
1483:             1             16  jdk.internal.reflect.GeneratedMethodAccessor31 (java.base@14.0.1)
1484:             1             16  jdk.internal.reflect.GeneratedMethodAccessor32 (java.base@14.0.1)
1485:             1             16  jdk.internal.reflect.GeneratedMethodAccessor33 (java.base@14.0.1)
1486:             1             16  jdk.internal.reflect.GeneratedMethodAccessor34 (java.base@14.0.1)
1487:             1             16  jdk.internal.reflect.GeneratedMethodAccessor35 (java.base@14.0.1)
1488:             1             16  jdk.internal.reflect.GeneratedMethodAccessor36 (java.base@14.0.1)
1489:             1             16  jdk.internal.reflect.GeneratedMethodAccessor37 (java.base@14.0.1)
1490:             1             16  jdk.internal.reflect.GeneratedMethodAccessor38 (java.base@14.0.1)
1491:             1             16  jdk.internal.reflect.GeneratedMethodAccessor39 (java.base@14.0.1)
1492:             1             16  jdk.internal.reflect.GeneratedMethodAccessor4
1493:             1             16  jdk.internal.reflect.GeneratedMethodAccessor40 (java.base@14.0.1)
1494:             1             16  jdk.internal.reflect.GeneratedMethodAccessor41 (java.base@14.0.1)
1495:             1             16  jdk.internal.reflect.GeneratedMethodAccessor42 (java.base@14.0.1)
1496:             1             16  jdk.internal.reflect.GeneratedMethodAccessor43 (java.base@14.0.1)
1497:             1             16  jdk.internal.reflect.GeneratedMethodAccessor44 (java.base@14.0.1)
1498:             1             16  jdk.internal.reflect.GeneratedMethodAccessor45 (java.base@14.0.1)
1499:             1             16  jdk.internal.reflect.GeneratedMethodAccessor46 (java.base@14.0.1)
1500:             1             16  jdk.internal.reflect.GeneratedMethodAccessor47 (java.base@14.0.1)
1501:             1             16  jdk.internal.reflect.GeneratedMethodAccessor48 (java.base@14.0.1)
1502:             1             16  jdk.internal.reflect.GeneratedMethodAccessor49 (java.base@14.0.1)
1503:             1             16  jdk.internal.reflect.GeneratedMethodAccessor5 (java.base@14.0.1)
1504:             1             16  jdk.internal.reflect.GeneratedMethodAccessor50 (java.base@14.0.1)
1505:             1             16  jdk.internal.reflect.GeneratedMethodAccessor51 (java.base@14.0.1)
1506:             1             16  jdk.internal.reflect.GeneratedMethodAccessor52 (java.base@14.0.1)
1507:             1             16  jdk.internal.reflect.GeneratedMethodAccessor53 (java.base@14.0.1)
1508:             1             16  jdk.internal.reflect.GeneratedMethodAccessor54 (java.base@14.0.1)
1509:             1             16  jdk.internal.reflect.GeneratedMethodAccessor55 (java.base@14.0.1)
1510:             1             16  jdk.internal.reflect.GeneratedMethodAccessor56 (java.base@14.0.1)
1511:             1             16  jdk.internal.reflect.GeneratedMethodAccessor57 (java.base@14.0.1)
1512:             1             16  jdk.internal.reflect.GeneratedMethodAccessor58 (java.base@14.0.1)
1513:             1             16  jdk.internal.reflect.GeneratedMethodAccessor59 (java.base@14.0.1)
1514:             1             16  jdk.internal.reflect.GeneratedMethodAccessor6 (java.base@14.0.1)
1515:             1             16  jdk.internal.reflect.GeneratedMethodAccessor60 (java.base@14.0.1)
1516:             1             16  jdk.internal.reflect.GeneratedMethodAccessor61 (java.base@14.0.1)
1517:             1             16  jdk.internal.reflect.GeneratedMethodAccessor62 (java.base@14.0.1)
1518:             1             16  jdk.internal.reflect.GeneratedMethodAccessor63 (java.base@14.0.1)
1519:             1             16  jdk.internal.reflect.GeneratedMethodAccessor64 (java.base@14.0.1)
1520:             1             16  jdk.internal.reflect.GeneratedMethodAccessor65 (java.base@14.0.1)
1521:             1             16  jdk.internal.reflect.GeneratedMethodAccessor66 (java.base@14.0.1)
1522:             1             16  jdk.internal.reflect.GeneratedMethodAccessor67 (java.base@14.0.1)
1523:             1             16  jdk.internal.reflect.GeneratedMethodAccessor68 (java.base@14.0.1)
1524:             1             16  jdk.internal.reflect.GeneratedMethodAccessor69 (java.base@14.0.1)
1525:             1             16  jdk.internal.reflect.GeneratedMethodAccessor7 (java.base@14.0.1)
1526:             1             16  jdk.internal.reflect.GeneratedMethodAccessor70 (java.base@14.0.1)
1527:             1             16  jdk.internal.reflect.GeneratedMethodAccessor71 (java.base@14.0.1)
1528:             1             16  jdk.internal.reflect.GeneratedMethodAccessor72 (java.base@14.0.1)
1529:             1             16  jdk.internal.reflect.GeneratedMethodAccessor73 (java.base@14.0.1)
1530:             1             16  jdk.internal.reflect.GeneratedMethodAccessor74 (java.base@14.0.1)
1531:             1             16  jdk.internal.reflect.GeneratedMethodAccessor75 (java.base@14.0.1)
1532:             1             16  jdk.internal.reflect.GeneratedMethodAccessor76 (java.base@14.0.1)
1533:             1             16  jdk.internal.reflect.GeneratedMethodAccessor77 (java.base@14.0.1)
1534:             1             16  jdk.internal.reflect.GeneratedMethodAccessor8 (java.base@14.0.1)
1535:             1             16  jdk.internal.reflect.GeneratedMethodAccessor9 (java.base@14.0.1)
1536:             1             16  jdk.internal.reflect.GeneratedSerializationConstructorAccessor1 (java.base@14.0.1)
1537:             1             16  jdk.internal.reflect.GeneratedSerializationConstructorAccessor10 (java.base@14.0.1)
1538:             1             16  jdk.internal.reflect.GeneratedSerializationConstructorAccessor11 (java.base@14.0.1)
1539:             1             16  jdk.internal.reflect.GeneratedSerializationConstructorAccessor12 (java.base@14.0.1)
1540:             1             16  jdk.internal.reflect.GeneratedSerializationConstructorAccessor13 (java.base@14.0.1)
1541:             1             16  jdk.internal.reflect.GeneratedSerializationConstructorAccessor14 (java.base@14.0.1)
1542:             1             16  jdk.internal.reflect.GeneratedSerializationConstructorAccessor15 (java.base@14.0.1)
1543:             1             16  jdk.internal.reflect.GeneratedSerializationConstructorAccessor16 (java.base@14.0.1)
1544:             1             16  jdk.internal.reflect.GeneratedSerializationConstructorAccessor17 (java.base@14.0.1)
1545:             1             16  jdk.internal.reflect.GeneratedSerializationConstructorAccessor18 (java.base@14.0.1)
1546:             1             16  jdk.internal.reflect.GeneratedSerializationConstructorAccessor19 (java.base@14.0.1)
1547:             1             16  jdk.internal.reflect.GeneratedSerializationConstructorAccessor2 (java.base@14.0.1)
1548:             1             16  jdk.internal.reflect.GeneratedSerializationConstructorAccessor20 (java.base@14.0.1)
1549:             1             16  jdk.internal.reflect.GeneratedSerializationConstructorAccessor21 (java.base@14.0.1)
1550:             1             16  jdk.internal.reflect.GeneratedSerializationConstructorAccessor22 (java.base@14.0.1)
1551:             1             16  jdk.internal.reflect.GeneratedSerializationConstructorAccessor23 (java.base@14.0.1)
1552:             1             16  jdk.internal.reflect.GeneratedSerializationConstructorAccessor24 (java.base@14.0.1)
1553:             1             16  jdk.internal.reflect.GeneratedSerializationConstructorAccessor25 (java.base@14.0.1)
1554:             1             16  jdk.internal.reflect.GeneratedSerializationConstructorAccessor26 (java.base@14.0.1)
1555:             1             16  jdk.internal.reflect.GeneratedSerializationConstructorAccessor27 (java.base@14.0.1)
1556:             1             16  jdk.internal.reflect.GeneratedSerializationConstructorAccessor28 (java.base@14.0.1)
1557:             1             16  jdk.internal.reflect.GeneratedSerializationConstructorAccessor29 (java.base@14.0.1)
1558:             1             16  jdk.internal.reflect.GeneratedSerializationConstructorAccessor3 (java.base@14.0.1)
1559:             1             16  jdk.internal.reflect.GeneratedSerializationConstructorAccessor30 (java.base@14.0.1)
1560:             1             16  jdk.internal.reflect.GeneratedSerializationConstructorAccessor31 (java.base@14.0.1)
1561:             1             16  jdk.internal.reflect.GeneratedSerializationConstructorAccessor32 (java.base@14.0.1)
1562:             1             16  jdk.internal.reflect.GeneratedSerializationConstructorAccessor33 (java.base@14.0.1)
1563:             1             16  jdk.internal.reflect.GeneratedSerializationConstructorAccessor34 (java.base@14.0.1)
1564:             1             16  jdk.internal.reflect.GeneratedSerializationConstructorAccessor35 (java.base@14.0.1)
1565:             1             16  jdk.internal.reflect.GeneratedSerializationConstructorAccessor36 (java.base@14.0.1)
1566:             1             16  jdk.internal.reflect.GeneratedSerializationConstructorAccessor37 (java.base@14.0.1)
1567:             1             16  jdk.internal.reflect.GeneratedSerializationConstructorAccessor38 (java.base@14.0.1)
1568:             1             16  jdk.internal.reflect.GeneratedSerializationConstructorAccessor39 (java.base@14.0.1)
1569:             1             16  jdk.internal.reflect.GeneratedSerializationConstructorAccessor4 (java.base@14.0.1)
1570:             1             16  jdk.internal.reflect.GeneratedSerializationConstructorAccessor5 (java.base@14.0.1)
1571:             1             16  jdk.internal.reflect.GeneratedSerializationConstructorAccessor6 (java.base@14.0.1)
1572:             1             16  jdk.internal.reflect.GeneratedSerializationConstructorAccessor7 (java.base@14.0.1)
1573:             1             16  jdk.internal.reflect.GeneratedSerializationConstructorAccessor8 (java.base@14.0.1)
1574:             1             16  jdk.internal.reflect.GeneratedSerializationConstructorAccessor9 (java.base@14.0.1)
1575:             1             16  jdk.internal.reflect.ReflectionFactory (java.base@14.0.1)
1576:             1             16  jdk.internal.util.Preconditions$1 (java.base@14.0.1)
1577:             1             16  jdk.internal.util.SystemProps$Raw (java.base@14.0.1)
1578:             1             16  jdk.internal.vm.PostVMInitHook$2 (java.base@14.0.1)
1579:             1             16  jdk.jfr.FlightRecorderPermission$InternalAccess (jdk.jfr@14.0.1)
1580:             1             16  jdk.jfr.internal.JVM (jdk.jfr@14.0.1)
1581:             1             16  jdk.jfr.internal.SecuritySupport$$Lambda$134/0x0000000800c35440 (jdk.jfr@14.0.1)
1582:             1             16  jdk.jfr.internal.SecuritySupport$Privileged (jdk.jfr@14.0.1)
1583:             1             16  jdk.jfr.internal.consumer.FileAccess$UnPriviliged (jdk.jfr@14.0.1)
1584:             1             16  jdk.management.jfr.SettingDescriptorInfo$1 (jdk.management.jfr@14.0.1)
1585:             1             16  jdk.management.jfr.internal.FlightRecorderMXBeanProvider (jdk.management.jfr@14.0.1)
1586:             1             16  jdk.net.ExtendedSocketOptions$PlatformSocketOptions (jdk.net@14.0.1)
1587:             1             16  jdk.net.ExtendedSocketOptions$PlatformSocketOptions$1 (jdk.net@14.0.1)
1588:             1             16  org.jcp.xml.dsig.internal.dom.XMLDSigRI$1 (java.xml.crypto@14.0.1)
1589:             1             16  org.postgresql.Driver$1
1590:             1             16  org.postgresql.core.CachedQueryCreateAction
1591:             1             16  org.postgresql.core.Encoding$2
1592:             1             16  org.postgresql.core.QueryExecutorBase$1
1593:             1             16  org.postgresql.core.ServerVersion$1
1594:             1             16  org.postgresql.core.v3.ConnectionFactoryImpl
1595:             1             16  org.postgresql.hostchooser.SingleHostChooser
1596:             1             16  org.postgresql.jdbc.PgConnection$1
1597:             1             16  org.postgresql.shaded.com.ongres.scram.client.ScramClient$Builder$1
1598:             1             16  org.postgresql.shaded.com.ongres.scram.client.ScramClient$PreBuilder1
1599:             1             16  ru.job4j.tracker.ConsoleInput
1600:             1             16  ru.job4j.tracker.CreateAction
1601:             1             16  ru.job4j.tracker.DeleteAction
1602:             1             16  ru.job4j.tracker.ExitAction
1603:             1             16  ru.job4j.tracker.FindByIdAction
1604:             1             16  ru.job4j.tracker.FindByNameAction
1605:             1             16  ru.job4j.tracker.ReplaceAction
1606:             1             16  ru.job4j.tracker.ShowAction
1607:             1             16  ru.job4j.tracker.SqlTracker
1608:             1             16  ru.job4j.tracker.StartUI
1609:             1             16  ru.job4j.tracker.ValidateInput
1610:             1             16  sun.management.ClassLoadingImpl (java.management@14.0.1)
1611:             1             16  sun.management.jmxremote.ConnectorBootstrap$PermanentExporter (jdk.management.agent@14.0.1)
1612:             1             16  sun.management.jmxremote.LocalRMIServerSocketFactory (jdk.management.agent@14.0.1)
1613:             1             16  sun.management.spi.PlatformMBeanProvider$PlatformComponent$$Lambda$59/0x0000000800bab840 (java.management@14.0.1)
1614:             1             16  sun.management.spi.PlatformMBeanProvider$PlatformComponent$$Lambda$60/0x0000000800babc40 (java.management@14.0.1)
1615:             1             16  sun.net.DefaultProgressMeteringPolicy (java.base@14.0.1)
1616:             1             16  sun.net.InetAddressCachePolicy$1 (java.base@14.0.1)
1617:             1             16  sun.net.InetAddressCachePolicy$2 (java.base@14.0.1)
1618:             1             16  sun.net.NetProperties$1 (java.base@14.0.1)
1619:             1             16  sun.net.spi.DefaultProxySelector (java.base@14.0.1)
1620:             1             16  sun.net.spi.DefaultProxySelector$1 (java.base@14.0.1)
1621:             1             16  sun.net.www.protocol.file.Handler (java.base@14.0.1)
1622:             1             16  sun.net.www.protocol.jar.Handler (java.base@14.0.1)
1623:             1             16  sun.net.www.protocol.jar.JarFileFactory (java.base@14.0.1)
1624:             1             16  sun.net.www.protocol.jrt.Handler (java.base@14.0.1)
1625:             1             16  sun.nio.ch.ExtendedSocketOption$1 (java.base@14.0.1)
1626:             1             16  sun.nio.ch.FileChannelImpl$1 (java.base@14.0.1)
1627:             1             16  sun.nio.ch.FileChannelImpl$2 (java.base@14.0.1)
1628:             1             16  sun.nio.ch.Net$1 (java.base@14.0.1)
1629:             1             16  sun.nio.ch.SocketDispatcher (java.base@14.0.1)
1630:             1             16  sun.nio.ch.Util$1 (java.base@14.0.1)
1631:             1             16  sun.nio.fs.NativeBuffers$1 (java.base@14.0.1)
1632:             1             16  sun.nio.fs.WindowsChannelFactory$1 (java.base@14.0.1)
1633:             1             16  sun.nio.fs.WindowsFileSystemProvider (java.base@14.0.1)
1634:             1             16  sun.reflect.generics.tree.LongSignature (java.base@14.0.1)
1635:             1             16  sun.reflect.generics.tree.TypeVariableSignature (java.base@14.0.1)
1636:             1             16  sun.reflect.generics.tree.VoidDescriptor (java.base@14.0.1)
1637:             1             16  sun.reflect.misc.MethodUtil$1 (java.base@14.0.1)
1638:             1             16  sun.rmi.runtime.Log$$Lambda$97/0x0000000800c00440 (java.rmi@14.0.1)
1639:             1             16  sun.rmi.runtime.Log$LoggerLog$1 (java.rmi@14.0.1)
1640:             1             16  sun.rmi.runtime.Log$LoggerLogFactory (java.rmi@14.0.1)
1641:             1             16  sun.rmi.runtime.NewThreadAction$1 (java.rmi@14.0.1)
1642:             1             16  sun.rmi.runtime.NewThreadAction$2 (java.rmi@14.0.1)
1643:             1             16  sun.rmi.runtime.RuntimeUtil (java.rmi@14.0.1)
1644:             1             16  sun.rmi.runtime.RuntimeUtil$$Lambda$116/0x0000000800c04840 (java.rmi@14.0.1)
1645:             1             16  sun.rmi.server.LoaderHandler$$Lambda$128/0x0000000800c21040 (java.rmi@14.0.1)
1646:             1             16  sun.rmi.server.LoaderHandler$$Lambda$129/0x0000000800c21440 (java.rmi@14.0.1)
1647:             1             16  sun.rmi.server.MarshalInputStream$$Lambda$125/0x0000000800c20440 (java.rmi@14.0.1)
1648:             1             16  sun.rmi.server.UnicastRef (java.rmi@14.0.1)
1649:             1             16  sun.rmi.server.UnicastRef$$Lambda$100/0x0000000800c01040 (java.rmi@14.0.1)
1650:             1             16  sun.rmi.server.UnicastServerRef$$Lambda$101/0x0000000800c01440 (java.rmi@14.0.1)
1651:             1             16  sun.rmi.server.UnicastServerRef$$Lambda$102/0x0000000800c01840 (java.rmi@14.0.1)
1652:             1             16  sun.rmi.server.UnicastServerRef$$Lambda$103/0x0000000800c01c40 (java.rmi@14.0.1)
1653:             1             16  sun.rmi.server.UnicastServerRef$HashToMethod_Maps (java.rmi@14.0.1)
1654:             1             16  sun.rmi.server.Util$$Lambda$96/0x0000000800c00040 (java.rmi@14.0.1)
1655:             1             16  sun.rmi.server.Util$$Lambda$99/0x0000000800c00c40 (java.rmi@14.0.1)
1656:             1             16  sun.rmi.transport.DGCAckHandler$$Lambda$130/0x0000000800c23840 (java.rmi@14.0.1)
1657:             1             16  sun.rmi.transport.DGCAckHandler$1 (java.rmi@14.0.1)
1658:             1             16  sun.rmi.transport.DGCImpl$$Lambda$113/0x0000000800c05c40 (java.rmi@14.0.1)
1659:             1             16  sun.rmi.transport.DGCImpl$$Lambda$114/0x0000000800c05040 (java.rmi@14.0.1)
1660:             1             16  sun.rmi.transport.DGCImpl$$Lambda$115/0x0000000800c05440 (java.rmi@14.0.1)
1661:             1             16  sun.rmi.transport.DGCImpl$$Lambda$117/0x0000000800c04c40 (java.rmi@14.0.1)
1662:             1             16  sun.rmi.transport.DGCImpl$1 (java.rmi@14.0.1)
1663:             1             16  sun.rmi.transport.DGCImpl$2 (java.rmi@14.0.1)
1664:             1             16  sun.rmi.transport.DGCImpl$2$$Lambda$118/0x0000000800c04040 (java.rmi@14.0.1)
1665:             1             16  sun.rmi.transport.DGCImpl_Skel (java.rmi@14.0.1)
1666:             1             16  sun.rmi.transport.DGCImpl_Stub (java.rmi@14.0.1)
1667:             1             16  sun.rmi.transport.ObjectTable$$Lambda$112/0x0000000800c05840 (java.rmi@14.0.1)
1668:             1             16  sun.rmi.transport.Transport$$Lambda$107/0x0000000800c07440 (java.rmi@14.0.1)
1669:             1             16  sun.rmi.transport.tcp.TCPChannel$$Lambda$120/0x0000000800c03440 (java.rmi@14.0.1)
1670:             1             16  sun.rmi.transport.tcp.TCPChannel$$Lambda$121/0x0000000800c02840 (java.rmi@14.0.1)
1671:             1             16  sun.rmi.transport.tcp.TCPChannel$$Lambda$122/0x0000000800c02c40 (java.rmi@14.0.1)
1672:             1             16  sun.rmi.transport.tcp.TCPDirectSocketFactory (java.rmi@14.0.1)
1673:             1             16  sun.rmi.transport.tcp.TCPEndpoint$$Lambda$105/0x0000000800c07c40 (java.rmi@14.0.1)
1674:             1             16  sun.rmi.transport.tcp.TCPEndpoint$$Lambda$106/0x0000000800c07040 (java.rmi@14.0.1)
1675:             1             16  sun.rmi.transport.tcp.TCPTransport$$Lambda$108/0x0000000800c06840 (java.rmi@14.0.1)
1676:             1             16  sun.rmi.transport.tcp.TCPTransport$$Lambda$109/0x0000000800c06c40 (java.rmi@14.0.1)
1677:             1             16  sun.rmi.transport.tcp.TCPTransport$$Lambda$110/0x0000000800c06040 (java.rmi@14.0.1)
1678:             1             16  sun.rmi.transport.tcp.TCPTransport$$Lambda$111/0x0000000800c06440 (java.rmi@14.0.1)
1679:             1             16  sun.rmi.transport.tcp.TCPTransport$1 (java.rmi@14.0.1)
1680:             1             16  sun.security.ec.SunEC$1 (jdk.crypto.ec@14.0.1)
1681:             1             16  sun.security.ec.SunEC$2 (jdk.crypto.ec@14.0.1)
1682:             1             16  sun.security.jca.ProviderConfig$3 (java.base@14.0.1)
1683:             1             16  sun.security.jca.ProviderConfig$ProviderLoader (java.base@14.0.1)
1684:             1             16  sun.security.jca.ProviderList$2 (java.base@14.0.1)
1685:             1             16  sun.security.mscapi.SunMSCAPI$1 (jdk.crypto.mscapi@14.0.1)
1686:             1             16  sun.security.provider.AbstractDrbg$$Lambda$65/0x0000000800bc0040 (java.base@14.0.1)
1687:             1             16  sun.security.provider.AbstractDrbg$SeederHolder$$Lambda$66/0x0000000800bc0c40 (java.base@14.0.1)
1688:             1             16  sun.security.provider.DRBG$$Lambda$64/0x0000000800baac40 (java.base@14.0.1)
1689:             1             16  sun.security.provider.NativeSeedGenerator (java.base@14.0.1)
1690:             1             16  sun.security.provider.SeedGenerator$1 (java.base@14.0.1)
1691:             1             16  sun.security.provider.SunEntries (java.base@14.0.1)
1692:             1             16  sun.security.provider.SunEntries$1 (java.base@14.0.1)
1693:             1             16  sun.security.rsa.SunRsaSignEntries (java.base@14.0.1)
1694:             1             16  sun.security.ssl.SunJSSE$$Lambda$68/0x0000000800bc7c40 (java.base@14.0.1)
1695:             1             16  sun.security.util.ByteArrayLexOrder (java.base@14.0.1)
1696:             1             16  sun.security.util.ByteArrayTagOrder (java.base@14.0.1)
1697:             1             16  sun.util.calendar.Gregorian (java.base@14.0.1)
1698:             1             16  sun.util.calendar.ZoneInfoFile$1 (java.base@14.0.1)
1699:             1             16  sun.util.calendar.ZoneInfoFile$Checksum (java.base@14.0.1)
1700:             1             16  sun.util.cldr.CLDRBaseLocaleDataMetaInfo (java.base@14.0.1)
1701:             1             16  sun.util.cldr.CLDRLocaleProviderAdapter$$Lambda$71/0x0000000800bc6840 (java.base@14.0.1)
1702:             1             16  sun.util.cldr.CLDRLocaleProviderAdapter$$Lambda$74/0x0000000800bc3840 (java.base@14.0.1)
1703:             1             16  sun.util.cldr.CLDRLocaleProviderAdapter$1 (java.base@14.0.1)
1704:             1             16  sun.util.locale.InternalLocaleBuilder$CaseInsensitiveChar (java.base@14.0.1)
1705:             1             16  sun.util.locale.provider.CalendarDataUtility$CalendarWeekParameterGetter (java.base@14.0.1)
1706:             1             16  sun.util.locale.provider.JRELocaleProviderAdapter$$Lambda$22/0x0000000800b97c40 (java.base@14.0.1)
1707:             1             16  sun.util.locale.provider.JRELocaleProviderAdapter$$Lambda$29/0x0000000800b9a040 (java.base@14.0.1)
1708:             1             16  sun.util.locale.provider.JRELocaleProviderAdapter$$Lambda$75/0x0000000800bc3c40 (java.base@14.0.1)
1709:             1             16  sun.util.locale.provider.JRELocaleProviderAdapter$$Lambda$76/0x0000000800bc3040 (java.base@14.0.1)
1710:             1             16  sun.util.locale.provider.NumberFormatProviderImpl$$Lambda$23/0x0000000800b98840 (java.base@14.0.1)
1711:             1             16  sun.util.locale.provider.NumberFormatProviderImpl$$Lambda$24/0x0000000800b98c40 (java.base@14.0.1)
1712:             1             16  sun.util.locale.provider.TimeZoneNameUtility$TimeZoneNameGetter (java.base@14.0.1)
1713:             1             16  sun.util.logging.internal.LoggingProviderImpl (java.logging@14.0.1)
1714:             1             16  sun.util.resources.LocaleData$LocaleDataStrategy (java.base@14.0.1)
1715:             1             16  sun.util.resources.provider.LocaleDataProvider (jdk.localedata@14.0.1)
1716:             1             16  sun.util.resources.provider.NonBaseLocaleDataMetaInfo (jdk.localedata@14.0.1)
Total        369996       22988912
